Archive member included to satisfy reference by file (symbol)

/usr/lib/gcc/arm-none-eabi/13.2.0/thumb/v7e-m+fp/hard/libgcc.a(_aeabi_ldivmod.o)
                              .build/obj_berdox_108whitebirds_default/platforms/chibios/timer.o (__aeabi_ldivmod)
/usr/lib/gcc/arm-none-eabi/13.2.0/thumb/v7e-m+fp/hard/libgcc.a(_aeabi_uldivmod.o)
                              .build/obj_berdox_108whitebirds_default/platforms/chibios/timer.o (__aeabi_uldivmod)
/usr/lib/gcc/arm-none-eabi/13.2.0/thumb/v7e-m+fp/hard/libgcc.a(_udivmoddi4.o)
                              /usr/lib/gcc/arm-none-eabi/13.2.0/thumb/v7e-m+fp/hard/libgcc.a(_aeabi_ldivmod.o) (__udivmoddi4)
/usr/lib/gcc/arm-none-eabi/13.2.0/thumb/v7e-m+fp/hard/libgcc.a(_dvmd_tls.o)
                              /usr/lib/gcc/arm-none-eabi/13.2.0/thumb/v7e-m+fp/hard/libgcc.a(_aeabi_ldivmod.o) (__aeabi_ldiv0)
/usr/lib/gcc/arm-none-eabi/13.2.0/../../../../arm-none-eabi/lib/thumb/v7e-m+fp/hard/libg_nano.a(libc_a-abort.o)
                              .build/obj_berdox_108whitebirds_default/lib/chibios/os/various/syscalls.o (abort)
/usr/lib/gcc/arm-none-eabi/13.2.0/../../../../arm-none-eabi/lib/thumb/v7e-m+fp/hard/libg_nano.a(libc_a-rand.o)
                              .build/obj_berdox_108whitebirds_default/quantum/send_string/send_string.o (rand)
/usr/lib/gcc/arm-none-eabi/13.2.0/../../../../arm-none-eabi/lib/thumb/v7e-m+fp/hard/libg_nano.a(libc_a-ctype_.o)
                              .build/obj_berdox_108whitebirds_default/quantum/send_string/send_string.o (_ctype_)
/usr/lib/gcc/arm-none-eabi/13.2.0/../../../../arm-none-eabi/lib/thumb/v7e-m+fp/hard/libg_nano.a(libc_a-memcmp.o)
                              .build/obj_berdox_108whitebirds_default/quantum/action_util.o (memcmp)
/usr/lib/gcc/arm-none-eabi/13.2.0/../../../../arm-none-eabi/lib/thumb/v7e-m+fp/hard/libg_nano.a(libc_a-memset.o)
                              .build/obj_berdox_108whitebirds_default/quantum/action_tapping.o (memset)
/usr/lib/gcc/arm-none-eabi/13.2.0/../../../../arm-none-eabi/lib/thumb/v7e-m+fp/hard/libg_nano.a(libc_a-signal.o)
                              /usr/lib/gcc/arm-none-eabi/13.2.0/../../../../arm-none-eabi/lib/thumb/v7e-m+fp/hard/libg_nano.a(libc_a-abort.o) (raise)
/usr/lib/gcc/arm-none-eabi/13.2.0/../../../../arm-none-eabi/lib/thumb/v7e-m+fp/hard/libg_nano.a(libc_a-impure.o)
                              /usr/lib/gcc/arm-none-eabi/13.2.0/../../../../arm-none-eabi/lib/thumb/v7e-m+fp/hard/libg_nano.a(libc_a-rand.o) (_impure_ptr)
/usr/lib/gcc/arm-none-eabi/13.2.0/../../../../arm-none-eabi/lib/thumb/v7e-m+fp/hard/libg_nano.a(libc_a-signalr.o)
                              /usr/lib/gcc/arm-none-eabi/13.2.0/../../../../arm-none-eabi/lib/thumb/v7e-m+fp/hard/libg_nano.a(libc_a-signal.o) (_kill_r)
/usr/lib/gcc/arm-none-eabi/13.2.0/../../../../arm-none-eabi/lib/thumb/v7e-m+fp/hard/libg_nano.a(libc_a-errno.o)
                              .build/obj_berdox_108whitebirds_default/platforms/chibios/syscall-fallbacks.o (__errno)
/usr/lib/gcc/arm-none-eabi/13.2.0/../../../../arm-none-eabi/lib/thumb/v7e-m+fp/hard/libg_nano.a(libc_a-memcpy-stub.o)
                              .build/obj_berdox_108whitebirds_default/quantum/action_tapping.o (memcpy)
/usr/lib/gcc/arm-none-eabi/13.2.0/../../../../arm-none-eabi/lib/thumb/v7e-m+fp/hard/libg_nano.a(libc_a-assert.o)
                              /usr/lib/gcc/arm-none-eabi/13.2.0/../../../../arm-none-eabi/lib/thumb/v7e-m+fp/hard/libg_nano.a(libc_a-rand.o) (__assert_func)
/usr/lib/gcc/arm-none-eabi/13.2.0/../../../../arm-none-eabi/lib/thumb/v7e-m+fp/hard/libg_nano.a(libc_a-malloc.o)
                              /usr/lib/gcc/arm-none-eabi/13.2.0/../../../../arm-none-eabi/lib/thumb/v7e-m+fp/hard/libg_nano.a(libc_a-rand.o) (malloc)
/usr/lib/gcc/arm-none-eabi/13.2.0/../../../../arm-none-eabi/lib/thumb/v7e-m+fp/hard/libg_nano.a(libc_a-mallocr.o)
                              /usr/lib/gcc/arm-none-eabi/13.2.0/../../../../arm-none-eabi/lib/thumb/v7e-m+fp/hard/libg_nano.a(libc_a-signal.o) (_malloc_r)
/usr/lib/gcc/arm-none-eabi/13.2.0/../../../../arm-none-eabi/lib/thumb/v7e-m+fp/hard/libg_nano.a(libc_a-mlock.o)
                              /usr/lib/gcc/arm-none-eabi/13.2.0/../../../../arm-none-eabi/lib/thumb/v7e-m+fp/hard/libg_nano.a(libc_a-mallocr.o) (__malloc_lock)
/usr/lib/gcc/arm-none-eabi/13.2.0/../../../../arm-none-eabi/lib/thumb/v7e-m+fp/hard/libg_nano.a(libc_a-fprintf.o)
                              /usr/lib/gcc/arm-none-eabi/13.2.0/../../../../arm-none-eabi/lib/thumb/v7e-m+fp/hard/libg_nano.a(libc_a-assert.o) (fiprintf)
/usr/lib/gcc/arm-none-eabi/13.2.0/../../../../arm-none-eabi/lib/thumb/v7e-m+fp/hard/libg_nano.a(libc_a-reent.o)
                              /usr/lib/gcc/arm-none-eabi/13.2.0/../../../../arm-none-eabi/lib/thumb/v7e-m+fp/hard/libg_nano.a(libc_a-signalr.o) (errno)
/usr/lib/gcc/arm-none-eabi/13.2.0/../../../../arm-none-eabi/lib/thumb/v7e-m+fp/hard/libg_nano.a(libc_a-lock.o)
[...]
Memory Configuration

Name             Origin             Length             Attributes
flash0           0x08000000         0x00004000         xr
flash1           0x08004000         0x00004000         xr
flash2           0x08008000         0x00078000         xr
flash3           0x00000000         0x00000000         xr
flash4           0x00000000         0x00000000         xr
flash5           0x00000000         0x00000000         xr
flash6           0x00000000         0x00000000         xr
flash7           0x00000000         0x00000000         xr
ram0             0x20000000         0x00020000         xw
ram1             0x00000000         0x00000000         xw
ram2             0x00000000         0x00000000         xw
ram3             0x00000000         0x00000000         xw
ram4             0x00000000         0x00000000         xw
ram5             0x00000000         0x00000000         xw
ram6             0x00000000         0x00000000         xw
ram7             0x00000000         0x00000000         xw
*default*        0x00000000         0xffffffff

Linker script and memory map

LOAD .build/obj_berdox_108whitebirds_default/.build/obj_berdox_108whitebirds_default/src/default_keyboard.o
LOAD .build/obj_berdox_108whitebirds_default/quantum/keymap_introspection.o
LOAD .build/obj_berdox_108whitebirds_default/quantum/quantum.o
LOAD .build/obj_berdox_108whitebirds_default/quantum/bitwise.o
LOAD .build/obj_berdox_108whitebirds_default/quantum/led.o
LOAD .build/obj_berdox_108whitebirds_default/quantum/action.o
LOAD .build/obj_berdox_108whitebirds_default/quantum/action_layer.o
LOAD .build/obj_berdox_108whitebirds_default/quantum/action_tapping.o
LOAD .build/obj_berdox_108whitebirds_default/quantum/action_util.o
LOAD .build/obj_berdox_108whitebirds_default/quantum/eeconfig.o
LOAD .build/obj_berdox_108whitebirds_default/quantum/keyboard.o
LOAD .build/obj_berdox_108whitebirds_default/quantum/keymap_common.o
LOAD .build/obj_berdox_108whitebirds_default/quantum/keycode_config.o
LOAD .build/obj_berdox_108whitebirds_default/quantum/sync_timer.o
LOAD .build/obj_berdox_108whitebirds_default/quantum/logging/debug.o
LOAD .build/obj_berdox_108whitebirds_default/quantum/logging/sendchar.o
LOAD .build/obj_berdox_108whitebirds_default/quantum/logging/print.o
LOAD .build/obj_berdox_108whitebirds_default/quantum/bootmagic/bootmagic_lite.o
LOAD .build/obj_berdox_108whitebirds_default/quantum/bootmagic/magic.o
LOAD .build/obj_berdox_108whitebirds_default/quantum/matrix_common.o
LOAD .build/obj_berdox_108whitebirds_default/quantum/matrix.o
LOAD .build/obj_berdox_108whitebirds_default/quantum/debounce/sym_defer_g.o
LOAD .build/obj_berdox_108whitebirds_default/quantum/main.o
LOAD .build/obj_berdox_108whitebirds_default/printf.o
LOAD .build/obj_berdox_108whitebirds_default/quantum/mousekey.o
LOAD .build/obj_berdox_108whitebirds_default/eeprom_driver.o
LOAD .build/obj_berdox_108whitebirds_default/eeprom_wear_leveling.o
LOAD .build/obj_berdox_108whitebirds_default/wear_leveling.o
LOAD .build/obj_berdox_108whitebirds_default/wear_leveling_efl.o
LOAD .build/obj_berdox_108whitebirds_default/qmk_fnv_type_validation.o
LOAD .build/obj_berdox_108whitebirds_default/hash_32a.o
LOAD .build/obj_berdox_108whitebirds_default/hash_64a.o
LOAD .build/obj_berdox_108whitebirds_default/quantum/process_keycode/process_magic.o
LOAD .build/obj_berdox_108whitebirds_default/quantum/send_string/send_string.o
LOAD .build/obj_berdox_108whitebirds_default/quantum/process_keycode/process_grave_esc.o
LOAD .build/obj_berdox_108whitebirds_default/quantum/process_keycode/process_space_cadet.o
LOAD .build/obj_berdox_108whitebirds_default/protocol/host.o
LOAD .build/obj_berdox_108whitebirds_default/protocol/report.o
LOAD .build/obj_berdox_108whitebirds_default/protocol/usb_device_state.o
LOAD .build/obj_berdox_108whitebirds_default/protocol/usb_util.o
LOAD .build/obj_berdox_108whitebirds_default/platforms/suspend.o
LOAD .build/obj_berdox_108whitebirds_default/platforms/synchronization_util.o
LOAD .build/obj_berdox_108whitebirds_default/platforms/timer.o
LOAD .build/obj_berdox_108whitebirds_default/platforms/chibios/hardware_id.o
LOAD .build/obj_berdox_108whitebirds_default/platforms/chibios/platform.o
LOAD .build/obj_berdox_108whitebirds_default/platforms/chibios/suspend.o
LOAD .build/obj_berdox_108whitebirds_default/platforms/chibios/timer.o
LOAD .build/obj_berdox_108whitebirds_default/platforms/chibios/bootloaders/stm32_dfu.o
LOAD .build/obj_berdox_108whitebirds_default/./lib/chibios/os/common/startup/ARMCMx/compilers/GCC/crt0_v7m.o
LOAD .build/obj_berdox_108whitebirds_default/./lib/chibios/os/common/startup/ARMCMx/compilers/GCC/vectors.o
LOAD .build/obj_berdox_108whitebirds_default/./lib/chibios/os/common/ports/ARMv7-M/compilers/GCC/chcoreasm.o
LOAD .build/obj_berdox_108whitebirds_default/protocol/chibios/usb_main.o
LOAD .build/obj_berdox_108whitebirds_default/protocol/chibios/chibios.o
LOAD .build/obj_berdox_108whitebirds_default/usb_descriptor.o
LOAD .build/obj_berdox_108whitebirds_default/protocol/chibios/usb_driver.o
LOAD .build/obj_berdox_108whitebirds_default/protocol/chibios/usb_util.o
LOAD .build/obj_berdox_108whitebirds_default/./lib/chibios/os/oslib/src/chmboxes.o
LOAD .build/obj_berdox_108whitebirds_default/./lib/chibios/os/oslib/src/chmemcore.o
LOAD .build/obj_berdox_108whitebirds_default/./lib/chibios/os/oslib/src/chmemheaps.o
LOAD .build/obj_berdox_108whitebirds_default/./lib/chibios/os/oslib/src/chmempools.o
LOAD .build/obj_berdox_108whitebirds_default/./lib/chibios/os/oslib/src/chpipes.o
LOAD .build/obj_berdox_108whitebirds_default/./lib/chibios/os/oslib/src/chobjcaches.o
LOAD .build/obj_berdox_108whitebirds_default/./lib/chibios/os/oslib/src/chdelegates.o
LOAD .build/obj_berdox_108whitebirds_default/./lib/chibios/os/oslib/src/chfactory.o
LOAD .build/obj_berdox_108whitebirds_default/lib/chibios/os/common/startup/ARMCMx/compilers/GCC/crt1.o
LOAD .build/obj_berdox_108whitebirds_default/lib/chibios/os/rt/src/chsys.o
LOAD .build/obj_berdox_108whitebirds_default/lib/chibios/os/rt/src/chrfcu.o
LOAD .build/obj_berdox_108whitebirds_default/lib/chibios/os/rt/src/chdebug.o
LOAD .build/obj_berdox_108whitebirds_default/lib/chibios/os/rt/src/chtrace.o
LOAD .build/obj_berdox_108whitebirds_default/lib/chibios/os/rt/src/chvt.o
LOAD .build/obj_berdox_108whitebirds_default/lib/chibios/os/rt/src/chschd.o
LOAD .build/obj_berdox_108whitebirds_default/lib/chibios/os/rt/src/chinstances.o
LOAD .build/obj_berdox_108whitebirds_default/lib/chibios/os/rt/src/chthreads.o
LOAD .build/obj_berdox_108whitebirds_default/lib/chibios/os/rt/src/chtm.o
LOAD .build/obj_berdox_108whitebirds_default/lib/chibios/os/rt/src/chstats.o
LOAD .build/obj_berdox_108whitebirds_default/lib/chibios/os/rt/src/chregistry.o
LOAD .build/obj_berdox_108whitebirds_default/lib/chibios/os/rt/src/chsem.o
LOAD .build/obj_berdox_108whitebirds_default/lib/chibios/os/rt/src/chmtx.o
LOAD .build/obj_berdox_108whitebirds_default/lib/chibios/os/rt/src/chcond.o
LOAD .build/obj_berdox_108whitebirds_default/lib/chibios/os/rt/src/chevents.o
LOAD .build/obj_berdox_108whitebirds_default/lib/chibios/os/rt/src/chmsg.o
LOAD .build/obj_berdox_108whitebirds_default/lib/chibios/os/rt/src/chdynamic.o
LOAD .build/obj_berdox_108whitebirds_default/lib/chibios/os/common/ports/ARMv7-M/chcore.o
LOAD .build/obj_berdox_108whitebirds_default/lib/chibios/os/hal/osal/rt-nil/osal.o
LOAD .build/obj_berdox_108whitebirds_default/lib/chibios/os/hal/src/hal.o
LOAD .build/obj_berdox_108whitebirds_default/lib/chibios/os/hal/src/hal_st.o
LOAD .build/obj_berdox_108whitebirds_default/lib/chibios/os/hal/src/hal_buffers.o
LOAD .build/obj_berdox_108whitebirds_default/lib/chibios/os/hal/src/hal_queues.o
LOAD .build/obj_berdox_108whitebirds_default/lib/chibios/os/hal/src/hal_flash.o
LOAD .build/obj_berdox_108whitebirds_default/lib/chibios/os/hal/src/hal_mmcsd.o
LOAD .build/obj_berdox_108whitebirds_default/lib/chibios/os/hal/src/hal_adc.o
LOAD .build/obj_berdox_108whitebirds_default/lib/chibios/os/hal/src/hal_can.o
LOAD .build/obj_berdox_108whitebirds_default/lib/chibios/os/hal/src/hal_crypto.o
LOAD .build/obj_berdox_108whitebirds_default/lib/chibios/os/hal/src/hal_dac.o
LOAD .build/obj_berdox_108whitebirds_default/lib/chibios/os/hal/src/hal_efl.o
LOAD .build/obj_berdox_108whitebirds_default/lib/chibios/os/hal/src/hal_gpt.o
LOAD .build/obj_berdox_108whitebirds_default/lib/chibios/os/hal/src/hal_i2c.o
LOAD .build/obj_berdox_108whitebirds_default/lib/chibios/os/hal/src/hal_i2s.o
LOAD .build/obj_berdox_108whitebirds_default/lib/chibios/os/hal/src/hal_icu.o
LOAD .build/obj_berdox_108whitebirds_default/lib/chibios/os/hal/src/hal_mac.o
LOAD .build/obj_berdox_108whitebirds_default/lib/chibios/os/hal/src/hal_mmc_spi.o
LOAD .build/obj_berdox_108whitebirds_default/lib/chibios/os/hal/src/hal_pal.o
LOAD .build/obj_berdox_108whitebirds_default/lib/chibios/os/hal/src/hal_pwm.o
LOAD .build/obj_berdox_108whitebirds_default/lib/chibios/os/hal/src/hal_rtc.o
LOAD .build/obj_berdox_108whitebirds_default/lib/chibios/os/hal/src/hal_sdc.o
LOAD .build/obj_berdox_108whitebirds_default/lib/chibios/os/hal/src/hal_serial.o
LOAD .build/obj_berdox_108whitebirds_default/lib/chibios/os/hal/src/hal_serial_usb.o
LOAD .build/obj_berdox_108whitebirds_default/lib/chibios/os/hal/src/hal_sio.o
LOAD .build/obj_berdox_108whitebirds_default/lib/chibios/os/hal/src/hal_spi.o
LOAD .build/obj_berdox_108whitebirds_default/lib/chibios/os/hal/src/hal_trng.o
LOAD .build/obj_berdox_108whitebirds_default/lib/chibios/os/hal/src/hal_uart.o
LOAD .build/obj_berdox_108whitebirds_default/lib/chibios/os/hal/src/hal_usb.o
LOAD .build/obj_berdox_108whitebirds_default/lib/chibios/os/hal/src/hal_wdg.o
LOAD .build/obj_berdox_108whitebirds_default/lib/chibios/os/hal/src/hal_wspi.o
LOAD .build/obj_berdox_108whitebirds_default/lib/chibios/os/hal/ports/common/ARMCMx/nvic.o
LOAD .build/obj_berdox_108whitebirds_default/lib/chibios/os/hal/ports/STM32/STM32F4xx/stm32_isr.o
LOAD .build/obj_berdox_108whitebirds_default/lib/chibios/os/hal/ports/STM32/STM32F4xx/hal_lld.o
LOAD .build/obj_berdox_108whitebirds_default/lib/chibios/os/hal/ports/STM32/STM32F4xx/hal_efl_lld.o
LOAD .build/obj_berdox_108whitebirds_default/lib/chibios/os/hal/ports/STM32/LLD/ADCv2/hal_adc_lld.o
LOAD .build/obj_berdox_108whitebirds_default/lib/chibios/os/hal/ports/STM32/LLD/CANv1/hal_can_lld.o
LOAD .build/obj_berdox_108whitebirds_default/lib/chibios/os/hal/ports/STM32/LLD/CRYPv1/hal_crypto_lld.o
LOAD .build/obj_berdox_108whitebirds_default/lib/chibios/os/hal/ports/STM32/LLD/DACv1/hal_dac_lld.o
LOAD .build/obj_berdox_108whitebirds_default/lib/chibios/os/hal/ports/STM32/LLD/DMAv2/stm32_dma.o
LOAD .build/obj_berdox_108whitebirds_default/lib/chibios/os/hal/ports/STM32/LLD/EXTIv1/stm32_exti.o
LOAD .build/obj_berdox_108whitebirds_default/lib/chibios/os/hal/ports/STM32/LLD/GPIOv2/hal_pal_lld.o
LOAD .build/obj_berdox_108whitebirds_default/lib/chibios/os/hal/ports/STM32/LLD/I2Cv1/hal_i2c_lld.o
LOAD .build/obj_berdox_108whitebirds_default/lib/chibios/os/hal/ports/STM32/LLD/MACv1/hal_mac_lld.o
LOAD .build/obj_berdox_108whitebirds_default/lib/chibios/os/hal/ports/STM32/LLD/OTGv1/hal_usb_lld.o
LOAD .build/obj_berdox_108whitebirds_default/lib/chibios/os/hal/ports/STM32/LLD/QUADSPIv1/hal_wspi_lld.o
LOAD .build/obj_berdox_108whitebirds_default/lib/chibios/os/hal/ports/STM32/LLD/RTCv2/hal_rtc_lld.o
LOAD .build/obj_berdox_108whitebirds_default/lib/chibios/os/hal/ports/STM32/LLD/SPIv1/hal_i2s_lld.o
LOAD .build/obj_berdox_108whitebirds_default/lib/chibios/os/hal/ports/STM32/LLD/SPIv1/hal_spi_v2_lld.o
LOAD .build/obj_berdox_108whitebirds_default/lib/chibios/os/hal/ports/STM32/LLD/SDIOv1/hal_sdc_lld.o
LOAD .build/obj_berdox_108whitebirds_default/lib/chibios/os/hal/ports/STM32/LLD/SYSTICKv1/hal_st_lld.o
LOAD .build/obj_berdox_108whitebirds_default/lib/chibios/os/hal/ports/STM32/LLD/TIMv1/hal_gpt_lld.o
LOAD .build/obj_berdox_108whitebirds_default/lib/chibios/os/hal/ports/STM32/LLD/TIMv1/hal_icu_lld.o
LOAD .build/obj_berdox_108whitebirds_default/lib/chibios/os/hal/ports/STM32/LLD/TIMv1/hal_pwm_lld.o
LOAD .build/obj_berdox_108whitebirds_default/lib/chibios/os/hal/ports/STM32/LLD/USARTv1/hal_serial_lld.o
LOAD .build/obj_berdox_108whitebirds_default/lib/chibios/os/hal/ports/STM32/LLD/USARTv1/hal_uart_lld.o
LOAD .build/obj_berdox_108whitebirds_default/lib/chibios/os/hal/ports/STM32/LLD/xWDGv1/hal_wdg_lld.o
LOAD .build/obj_berdox_108whitebirds_default/lib/chibios/os/hal/boards/ST_NUCLEO64_F411RE/board.o
LOAD .build/obj_berdox_108whitebirds_default/lib/chibios/os/hal/lib/streams/chprintf.o
LOAD .build/obj_berdox_108whitebirds_default/lib/chibios/os/hal/lib/streams/chscanf.o
LOAD .build/obj_berdox_108whitebirds_default/lib/chibios/os/hal/lib/streams/memstreams.o
LOAD .build/obj_berdox_108whitebirds_default/lib/chibios/os/hal/lib/streams/nullstreams.o
LOAD .build/obj_berdox_108whitebirds_default/lib/chibios/os/hal/lib/streams/bufstreams.o
LOAD .build/obj_berdox_108whitebirds_default/lib/chibios/os/various/syscalls.o
LOAD .build/obj_berdox_108whitebirds_default/platforms/chibios/syscall-fallbacks.o
LOAD .build/obj_berdox_108whitebirds_default/platforms/chibios/wait.o
LOAD .build/obj_berdox_108whitebirds_default/platforms/chibios/synchronization_util.o
                0x00000800                        __process_stack_size__ = 0x800
                0x00000400                        __main_stack_size__ = 0x400
LOAD /usr/lib/gcc/arm-none-eabi/13.2.0/../../../../arm-none-eabi/lib/thumb/v7e-m+fp/hard/libm.a
START GROUP
LOAD /usr/lib/gcc/arm-none-eabi/13.2.0/thumb/v7e-m+fp/hard/libgcc.a
LOAD /usr/lib/gcc/arm-none-eabi/13.2.0/../../../../arm-none-eabi/lib/thumb/v7e-m+fp/hard/libg_nano.a
LOAD /usr/lib/gcc/arm-none-eabi/13.2.0/../../../../arm-none-eabi/lib/thumb/v7e-m+fp/hard/libc_nano.a
END GROUP
START GROUP
LOAD /usr/lib/gcc/arm-none-eabi/13.2.0/thumb/v7e-m+fp/hard/libgcc.a
LOAD /usr/lib/gcc/arm-none-eabi/13.2.0/../../../../arm-none-eabi/lib/thumb/v7e-m+fp/hard/libc_nano.a
END GROUP

.mstack         0x20000000      0x400
                0x20000000                        . = ALIGN (0x8)
                0x20000000                        __main_stack_base__ = .
                0x20000400                        . = (. + __main_stack_size__)
 *fill*         0x20000000      0x400 
                0x20000400                        . = ALIGN (0x8)
                0x20000400                        __main_stack_end__ = .

.pstack         0x20000400      0x800
                0x20000400                        . = ALIGN (0x8)
                0x20000400                        __process_stack_base__ = .
                0x20000400                        __main_thread_stack_base__ = .
                0x20000c00                        . = (. + __process_stack_size__)
 *fill*         0x20000400      0x800 
                0x20000c00                        . = ALIGN (0x8)
                0x20000c00                        __process_stack_end__ = .
                0x20000c00                        __main_thread_stack_end__ = .

.vectors        0x08000000      0x1e0
                0x08000000                        __textvectors_base__ = LOADADDR (.vectors)
                0x08000000                        __vectors_base__ = .
 *(.vectors)
 .vectors       0x08000000      0x1e0 .build/obj_berdox_108whitebirds_default/./lib/chibios/os/common/startup/ARMCMx/compilers/GCC/vectors.o
                0x08000000                _vectors
                0x080001e0                        __vectors_end__ = .

.xtors          0x08008000        0x0
                0x08008000                        __init_array_base__ = .
 *(SORT_BY_NAME(.init_array.*))
 *(.init_array)
                0x08008000                        __init_array_end__ = .
                0x08008000                        __fini_array_base__ = .
 *(.fini_array)
 *(SORT_BY_NAME(.fini_array.*))
                0x08008000                        __fini_array_end__ = .

.text           0x08008000     0x58ac
                0x08008000                        __text_base__ = .
 *(.text)
 .text          0x08008000      0x11c .build/obj_berdox_108whitebirds_default/./lib/chibios/os/common/startup/ARMCMx/compilers/GCC/crt0_v7m.o
                0x08008000                _crt0_entry
 .text          0x0800811c        0x8 .build/obj_berdox_108whitebirds_default/./lib/chibios/os/common/startup/ARMCMx/compilers/GCC/vectors.o
                0x0800811c                Reset_Handler
                0x0800811e                Vector58
                0x0800811e                VectorE8
                0x0800811e                Vector9C
                0x0800811e                VectorAC
                0x0800811e                DebugMon_Handler
                0x0800811e                Vector1A0
                0x0800811e                Vector5C
                0x0800811e                Vector11C
                0x0800811e                HardFault_Handler
                0x0800811e                Vector1B8
                0x0800811e                Vector19C
                0x0800811e                Vector8C
                0x0800811e                SysTick_Handler
                0x0800811e                VectorDC
                0x0800811e                PendSV_Handler
                0x0800811e                Vector168
                0x0800811e                NMI_Handler
                0x0800811e                Vector110
                0x0800811e                Vector120
                0x0800811e                Vector1D8
                0x0800811e                VectorC8
                0x0800811e                Vector94
                0x0800811e                VectorA8
                0x0800811e                VectorB4
                0x0800811e                Vector74
                0x0800811e                Vector160
                0x0800811e                Vector1B0
                0x0800811e                UsageFault_Handler
                0x0800811e                VectorEC
                0x0800811e                Vector40
                0x0800811e                VectorF8
                0x0800811e                Vector108
                0x0800811e                VectorBC
                0x0800811e                Vector190
                0x0800811e                Vector150
                0x0800811e                Vector124
                0x0800811e                Vector1C4
                0x0800811e                Vector1CC
                0x0800811e                Vector148
                0x0800811e                Vector188
                0x0800811e                Vector198
                0x0800811e                Vector118
                0x0800811e                Vector64
                0x0800811e                VectorCC
                0x0800811e                Vector54
                0x0800811e                Vector98
                0x0800811e                VectorD8
                0x0800811e                Vector138
                0x0800811e                Vector24
                0x0800811e                Vector1AC
                0x0800811e                Vector178
                0x0800811e                Vector84
                0x0800811e                SecureFault_Handler
                0x0800811e                Vector1A4
                0x0800811e                VectorD0
                0x0800811e                Vector1B4
                0x0800811e                Vector140
                0x0800811e                VectorE4
                0x0800811e                VectorC0
                0x0800811e                Vector158
                0x0800811e                Vector130
                0x0800811e                Vector1C0
                0x0800811e                Vector134
                0x0800811e                Vector1D0
                0x0800811e                VectorF0
                0x0800811e                Vector12C
                0x0800811e                Vector13C
                0x0800811e                Vector100
                0x0800811e                VectorE0
                0x0800811e                VectorF4
                0x0800811e                MemManage_Handler
                0x0800811e                Vector6C
                0x0800811e                VectorA0
                0x0800811e                VectorC4
                0x0800811e                Vector7C
                0x0800811e                Vector180
                0x0800811e                Vector90
                0x0800811e                Vector114
                0x0800811e                Vector164
                0x0800811e                Vector60
                0x0800811e                Vector1BC
                0x0800811e                Vector1D4
                0x0800811e                Vector17C
                0x0800811e                Vector48
                0x0800811e                Vector1A8
                0x0800811e                Vector16C
                0x0800811e                Vector70
                0x0800811e                VectorD4
                0x0800811e                Vector4C
                0x0800811e                Vector144
                0x0800811e                Vector80
                0x0800811e                Vector15C
                0x0800811e                Vector68
                0x0800811e                Vector78
                0x0800811e                Vector170
                0x0800811e                Vector88
                0x0800811e                Vector104
                0x0800811e                Vector184
                0x0800811e                Vector10C
                0x0800811e                BusFault_Handler
                0x0800811e                Vector50
                0x0800811e                Vector1C8
                0x0800811e                Vector194
                0x0800811e                Vector1DC
                0x0800811e                Vector154
                0x0800811e                Vector44
                0x0800811e                Vector28
                0x0800811e                VectorB8
                0x0800811e                VectorFC
                0x0800811e                Vector34
                0x0800811e                Vector128
                0x0800811e                VectorA4
                0x0800811e                Vector20
                0x0800811e                Vector18C
                0x0800811e                Vector174
                0x08008122                _unhandled_exception
 .text          0x08008124       0x32 .build/obj_berdox_108whitebirds_default/./lib/chibios/os/common/ports/ARMv7-M/compilers/GCC/chcoreasm.o
                0x08008124                __port_switch
                0x0800813c                __port_thread_start
                0x0800814e                __port_switch_from_isr
                0x08008152                __port_exit_from_isr
 *fill*         0x08008156        0x2 
 .text          0x08008158       0x30 /usr/lib/gcc/arm-none-eabi/13.2.0/thumb/v7e-m+fp/hard/libgcc.a(_aeabi_uldivmod.o)
                0x08008158                __aeabi_uldivmod
 .text          0x08008188        0x4 /usr/lib/gcc/arm-none-eabi/13.2.0/thumb/v7e-m+fp/hard/libgcc.a(_dvmd_tls.o)
                0x08008188                __aeabi_ldiv0
                0x08008188                __aeabi_idiv0
 *(.text.*)
 .text.keycode_at_keymap_location_raw
                0x0800818c       0x28 .build/obj_berdox_108whitebirds_default/quantum/keymap_introspection.o
                0x0800818c                keycode_at_keymap_location_raw
 .text.keycode_at_keymap_location
                0x080081b4        0x4 .build/obj_berdox_108whitebirds_default/quantum/keymap_introspection.o
                0x080081b4                keycode_at_keymap_location
 .text.pre_process_record_user
                0x080081b8        0x4 .build/obj_berdox_108whitebirds_default/quantum/quantum.o
                0x080081b8                pre_process_record_user
 .text.pre_process_record_kb
                0x080081bc        0x8 .build/obj_berdox_108whitebirds_default/quantum/quantum.o
                0x080081bc                pre_process_record_kb
 .text.process_action_kb
                0x080081c4        0x4 .build/obj_berdox_108whitebirds_default/quantum/quantum.o
                0x080081c4                process_action_kb
 .text.process_record_user
                0x080081c8        0x4 .build/obj_berdox_108whitebirds_default/quantum/quantum.o
                0x080081c8                process_record_user
 .text.process_record_kb
                0x080081cc        0x8 .build/obj_berdox_108whitebirds_default/quantum/quantum.o
                0x080081cc                process_record_kb
 .text.post_process_record_user
                0x080081d4        0x2 .build/obj_berdox_108whitebirds_default/quantum/quantum.o
                0x080081d4                post_process_record_user
 .text.post_process_record_kb
                0x080081d6        0x8 .build/obj_berdox_108whitebirds_default/quantum/quantum.o
                0x080081d6                post_process_record_kb
 *fill*         0x080081de        0x2 
 .text.get_event_keycode
                0x080081e0       0x4c .build/obj_berdox_108whitebirds_default/quantum/quantum.o
                0x080081e0                get_event_keycode
 .text.get_record_keycode
                0x0800822c       0x18 .build/obj_berdox_108whitebirds_default/quantum/quantum.o
                0x0800822c                get_record_keycode
 .text.pre_process_record_quantum
                0x08008244       0x12 .build/obj_berdox_108whitebirds_default/quantum/quantum.o
                0x08008244                pre_process_record_quantum
 .text.post_process_record_quantum
                0x08008256       0x12 .build/obj_berdox_108whitebirds_default/quantum/quantum.o
                0x08008256                post_process_record_quantum
 .text.shutdown_user
                0x08008268        0x2 .build/obj_berdox_108whitebirds_default/quantum/quantum.o
                0x08008268                shutdown_user
 .text.shutdown_quantum
                0x0800826a       0x16 .build/obj_berdox_108whitebirds_default/quantum/quantum.o
                0x0800826a                shutdown_quantum
 .text.reset_keyboard
                0x08008280        0xe .build/obj_berdox_108whitebirds_default/quantum/quantum.o
                0x08008280                reset_keyboard
 .text.soft_reset_keyboard
                0x0800828e        0xe .build/obj_berdox_108whitebirds_default/quantum/quantum.o
                0x0800828e                soft_reset_keyboard
 .text.process_record_quantum
                0x0800829c       0x92 .build/obj_berdox_108whitebirds_default/quantum/quantum.o
                0x0800829c                process_record_quantum
 .text.suspend_power_down_quantum
                0x0800832e        0xe .build/obj_berdox_108whitebirds_default/quantum/quantum.o
                0x0800832e                suspend_power_down_quantum
 .text.suspend_wakeup_init_quantum
                0x0800833c        0xe .build/obj_berdox_108whitebirds_default/quantum/quantum.o
                0x0800833c                suspend_wakeup_init_quantum
 .text.led_set_user
                0x0800834a        0x2 .build/obj_berdox_108whitebirds_default/quantum/led.o
                0x0800834a                led_set_user
 .text.led_update_user
                0x0800834c        0x4 .build/obj_berdox_108whitebirds_default/quantum/led.o
                0x0800834c                led_update_user
 .text.led_update_ports
                0x08008350        0x2 .build/obj_berdox_108whitebirds_default/quantum/led.o
                0x08008350                led_update_ports
 .text.led_update_kb
                0x08008352       0x16 .build/obj_berdox_108whitebirds_default/quantum/led.o
                0x08008352                led_update_kb
 .text.led_init_ports
                0x08008368        0x2 .build/obj_berdox_108whitebirds_default/quantum/led.o
                0x08008368                led_init_ports
 .text.led_set  0x0800836a       0x10 .build/obj_berdox_108whitebirds_default/quantum/led.o
                0x0800836a                led_set
 .text.led_suspend
                0x0800837a        0xa .build/obj_berdox_108whitebirds_default/quantum/led.o
                0x0800837a                led_suspend
 .text.led_wakeup
                0x08008384        0xc .build/obj_berdox_108whitebirds_default/quantum/led.o
                0x08008384                led_wakeup
 .text.led_task
                0x08008390       0x2c .build/obj_berdox_108whitebirds_default/quantum/led.o
                0x08008390                led_task
 .text.action_exec
                0x080083bc       0x40 .build/obj_berdox_108whitebirds_default/quantum/action.o
                0x080083bc                action_exec
 .text.process_record_tap_hint
                0x080083fc        0xe .build/obj_berdox_108whitebirds_default/quantum/action.o
                0x080083fc                process_record_tap_hint
 .text.register_mouse
                0x0800840a       0x16 .build/obj_berdox_108whitebirds_default/quantum/action.o
                0x0800840a                register_mouse
 .text.register_code
                0x08008420       0x9c .build/obj_berdox_108whitebirds_default/quantum/action.o
                0x08008420                register_code
 .text.unregister_code
                0x080084bc       0x72 .build/obj_berdox_108whitebirds_default/quantum/action.o
                0x080084bc                unregister_code
 .text.tap_code_delay
                0x0800852e       0x20 .build/obj_berdox_108whitebirds_default/quantum/action.o
                0x0800852e                tap_code_delay
 .text.tap_code
                0x0800854e       0x10 .build/obj_berdox_108whitebirds_default/quantum/action.o
                0x0800854e                tap_code
 .text.register_mods
                0x0800855e       0x12 .build/obj_berdox_108whitebirds_default/quantum/action.o
                0x0800855e                register_mods
 .text.unregister_mods
                0x08008570       0x12 .build/obj_berdox_108whitebirds_default/quantum/action.o
                0x08008570                unregister_mods
 *fill*         0x08008582        0x2 
 .text.process_action
                0x08008584      0x3a4 .build/obj_berdox_108whitebirds_default/quantum/action.o
                0x08008584                process_action
 .text.process_record_handler
                0x08008928       0x22 .build/obj_berdox_108whitebirds_default/quantum/action.o
                0x08008928                process_record_handler
 *fill*         0x0800894a        0x2 
 .text.process_record
                0x0800894c       0x3c .build/obj_berdox_108whitebirds_default/quantum/action.o
                0x0800894c                process_record
 .text.clear_keyboard_but_mods_and_keys
                0x08008988       0x22 .build/obj_berdox_108whitebirds_default/quantum/action.o
                0x08008988                clear_keyboard_but_mods_and_keys
 .text.clear_keyboard_but_mods
                0x080089aa        0xe .build/obj_berdox_108whitebirds_default/quantum/action.o
                0x080089aa                clear_keyboard_but_mods
 .text.clear_keyboard
                0x080089b8        0xe .build/obj_berdox_108whitebirds_default/quantum/action.o
                0x080089b8                clear_keyboard
 .text.is_tap_action
                0x080089c6       0x42 .build/obj_berdox_108whitebirds_default/quantum/action.o
                0x080089c6                is_tap_action
 .text.is_tap_record
                0x08008a08       0x18 .build/obj_berdox_108whitebirds_default/quantum/action.o
                0x08008a08                is_tap_record
 .text.debug_event
                0x08008a20        0xc .build/obj_berdox_108whitebirds_default/quantum/action.o
                0x08008a20                debug_event
 .text.debug_record
                0x08008a2c        0xc .build/obj_berdox_108whitebirds_default/quantum/action.o
                0x08008a2c                debug_record
 .text.default_layer_state_set_user
                0x08008a38        0x2 .build/obj_berdox_108whitebirds_default/quantum/action_layer.o
                0x08008a38                default_layer_state_set_user
 .text.default_layer_state_set_kb
                0x08008a3a        0x8 .build/obj_berdox_108whitebirds_default/quantum/action_layer.o
                0x08008a3a                default_layer_state_set_kb
 *fill*         0x08008a42        0x2 
 .text.default_layer_state_set
                0x08008a44       0x10 .build/obj_berdox_108whitebirds_default/quantum/action_layer.o
 .text.default_layer_debug
                0x08008a54        0x2 .build/obj_berdox_108whitebirds_default/quantum/action_layer.o
                0x08008a54                default_layer_debug
 .text.default_layer_set
                0x08008a56        0x4 .build/obj_berdox_108whitebirds_default/quantum/action_layer.o
                0x08008a56                default_layer_set
 *fill*         0x08008a5a        0x2 
 .text.default_layer_or
                0x08008a5c       0x10 .build/obj_berdox_108whitebirds_default/quantum/action_layer.o
                0x08008a5c                default_layer_or
 .text.default_layer_and
                0x08008a6c       0x10 .build/obj_berdox_108whitebirds_default/quantum/action_layer.o
                0x08008a6c                default_layer_and
 .text.default_layer_xor
                0x08008a7c       0x10 .build/obj_berdox_108whitebirds_default/quantum/action_layer.o
                0x08008a7c                default_layer_xor
 .text.layer_state_set_user
                0x08008a8c        0x2 .build/obj_berdox_108whitebirds_default/quantum/action_layer.o
                0x08008a8c                layer_state_set_user
 .text.layer_state_set_kb
                0x08008a8e        0x8 .build/obj_berdox_108whitebirds_default/quantum/action_layer.o
                0x08008a8e                layer_state_set_kb
 *fill*         0x08008a96        0x2 
 .text.layer_state_set
                0x08008a98       0x10 .build/obj_berdox_108whitebirds_default/quantum/action_layer.o
                0x08008a98                layer_state_set
 .text.layer_clear
                0x08008aa8        0x6 .build/obj_berdox_108whitebirds_default/quantum/action_layer.o
                0x08008aa8                layer_clear
 .text.layer_move
                0x08008aae        0xc .build/obj_berdox_108whitebirds_default/quantum/action_layer.o
                0x08008aae                layer_move
 *fill*         0x08008aba        0x2 
 .text.layer_on
                0x08008abc       0x18 .build/obj_berdox_108whitebirds_default/quantum/action_layer.o
                0x08008abc                layer_on
 .text.layer_off
                0x08008ad4       0x14 .build/obj_berdox_108whitebirds_default/quantum/action_layer.o
                0x08008ad4                layer_off
 .text.layer_invert
                0x08008ae8       0x18 .build/obj_berdox_108whitebirds_default/quantum/action_layer.o
                0x08008ae8                layer_invert
 .text.layer_or
                0x08008b00       0x10 .build/obj_berdox_108whitebirds_default/quantum/action_layer.o
                0x08008b00                layer_or
 .text.layer_and
                0x08008b10       0x10 .build/obj_berdox_108whitebirds_default/quantum/action_layer.o
                0x08008b10                layer_and
 .text.layer_xor
                0x08008b20       0x10 .build/obj_berdox_108whitebirds_default/quantum/action_layer.o
                0x08008b20                layer_xor
 .text.layer_debug
                0x08008b30        0x2 .build/obj_berdox_108whitebirds_default/quantum/action_layer.o
                0x08008b30                layer_debug
 .text.update_source_layers_cache_impl
                0x08008b32       0x32 .build/obj_berdox_108whitebirds_default/quantum/action_layer.o
                0x08008b32                update_source_layers_cache_impl
 .text.read_source_layers_cache_impl
                0x08008b64       0x26 .build/obj_berdox_108whitebirds_default/quantum/action_layer.o
                0x08008b64                read_source_layers_cache_impl
 *fill*         0x08008b8a        0x2 
 .text.update_source_layers_cache
                0x08008b8c       0x40 .build/obj_berdox_108whitebirds_default/quantum/action_layer.o
                0x08008b8c                update_source_layers_cache
 .text.read_source_layers_cache
                0x08008bcc       0x34 .build/obj_berdox_108whitebirds_default/quantum/action_layer.o
                0x08008bcc                read_source_layers_cache
 .text.layer_switch_get_layer
                0x08008c00       0x44 .build/obj_berdox_108whitebirds_default/quantum/action_layer.o
                0x08008c00                layer_switch_get_layer
 .text.layer_switch_get_action
                0x08008c44       0x18 .build/obj_berdox_108whitebirds_default/quantum/action_layer.o
                0x08008c44                layer_switch_get_action
 .text.store_or_get_action
                0x08008c5c       0x48 .build/obj_berdox_108whitebirds_default/quantum/action_layer.o
                0x08008c5c                store_or_get_action
 .text.debug_waiting_buffer
                0x08008ca4       0x40 .build/obj_berdox_108whitebirds_default/quantum/action_tapping.o
 .text.debug_tapping_key
                0x08008ce4       0x20 .build/obj_berdox_108whitebirds_default/quantum/action_tapping.o
 .text.waiting_buffer_scan_tap
                0x08008d04       0x80 .build/obj_berdox_108whitebirds_default/quantum/action_tapping.o
 .text.waiting_buffer_typed.isra.0
                0x08008d84       0x44 .build/obj_berdox_108whitebirds_default/quantum/action_tapping.o
 .text.process_tapping
                0x08008dc8      0x234 .build/obj_berdox_108whitebirds_default/quantum/action_tapping.o
 .text.action_tapping_process
                0x08008ffc       0xc4 .build/obj_berdox_108whitebirds_default/quantum/action_tapping.o
                0x08008ffc                action_tapping_process
 .text.add_key  0x080090c0       0x10 .build/obj_berdox_108whitebirds_default/quantum/action_util.o
                0x080090c0                add_key
 .text.del_key  0x080090d0       0x10 .build/obj_berdox_108whitebirds_default/quantum/action_util.o
                0x080090d0                del_key
 .text.clear_keys
                0x080090e0        0xc .build/obj_berdox_108whitebirds_default/quantum/action_util.o
                0x080090e0                clear_keys
 .text.get_oneshot_layer
                0x080090ec        0xc .build/obj_berdox_108whitebirds_default/quantum/action_util.o
                0x080090ec                get_oneshot_layer
 .text.get_oneshot_layer_state
                0x080090f8       0x10 .build/obj_berdox_108whitebirds_default/quantum/action_util.o
                0x080090f8                get_oneshot_layer_state
 .text.is_oneshot_layer_active
                0x08009108       0x14 .build/obj_berdox_108whitebirds_default/quantum/action_util.o
                0x08009108                is_oneshot_layer_active
 .text.get_mods
                0x0800911c        0xc .build/obj_berdox_108whitebirds_default/quantum/action_util.o
                0x0800911c                get_mods
 .text.add_mods
                0x08009128       0x10 .build/obj_berdox_108whitebirds_default/quantum/action_util.o
                0x08009128                add_mods
 .text.del_mods
                0x08009138       0x10 .build/obj_berdox_108whitebirds_default/quantum/action_util.o
                0x08009138                del_mods
 .text.clear_mods
                0x08009148        0xc .build/obj_berdox_108whitebirds_default/quantum/action_util.o
                0x08009148                clear_mods
 .text.add_weak_mods
                0x08009154       0x10 .build/obj_berdox_108whitebirds_default/quantum/action_util.o
                0x08009154                add_weak_mods
 .text.del_weak_mods
                0x08009164       0x10 .build/obj_berdox_108whitebirds_default/quantum/action_util.o
                0x08009164                del_weak_mods
 .text.clear_weak_mods
                0x08009174        0xc .build/obj_berdox_108whitebirds_default/quantum/action_util.o
                0x08009174                clear_weak_mods
 .text.oneshot_locked_mods_changed_user
                0x08009180        0x2 .build/obj_berdox_108whitebirds_default/quantum/action_util.o
                0x08009180                oneshot_locked_mods_changed_user
 .text.oneshot_locked_mods_changed_kb
                0x08009182        0x8 .build/obj_berdox_108whitebirds_default/quantum/action_util.o
                0x08009182                oneshot_locked_mods_changed_kb
 *fill*         0x0800918a        0x2 
 .text.del_oneshot_locked_mods
                0x0800918c       0x1c .build/obj_berdox_108whitebirds_default/quantum/action_util.o
                0x0800918c                del_oneshot_locked_mods
 .text.oneshot_mods_changed_user
                0x080091a8        0x2 .build/obj_berdox_108whitebirds_default/quantum/action_util.o
                0x080091a8                oneshot_mods_changed_user
 .text.oneshot_mods_changed_kb
                0x080091aa        0x8 .build/obj_berdox_108whitebirds_default/quantum/action_util.o
                0x080091aa                oneshot_mods_changed_kb
 *fill*         0x080091b2        0x2 
 .text.add_oneshot_mods
                0x080091b4       0x1c .build/obj_berdox_108whitebirds_default/quantum/action_util.o
                0x080091b4                add_oneshot_mods
 .text.del_oneshot_mods
                0x080091d0       0x1c .build/obj_berdox_108whitebirds_default/quantum/action_util.o
                0x080091d0                del_oneshot_mods
 .text.clear_oneshot_mods
                0x080091ec       0x18 .build/obj_berdox_108whitebirds_default/quantum/action_util.o
                0x080091ec                clear_oneshot_mods
 .text.send_keyboard_report
                0x08009204       0x60 .build/obj_berdox_108whitebirds_default/quantum/action_util.o
                0x08009204                send_keyboard_report
 .text.oneshot_layer_changed_user
                0x08009264        0x2 .build/obj_berdox_108whitebirds_default/quantum/action_util.o
                0x08009264                oneshot_layer_changed_user
 .text.oneshot_layer_changed_kb
                0x08009266        0x8 .build/obj_berdox_108whitebirds_default/quantum/action_util.o
                0x08009266                oneshot_layer_changed_kb
 *fill*         0x0800926e        0x2 
 .text.set_oneshot_layer
                0x08009270       0x30 .build/obj_berdox_108whitebirds_default/quantum/action_util.o
                0x08009270                set_oneshot_layer
 .text.reset_oneshot_layer
                0x080092a0       0x14 .build/obj_berdox_108whitebirds_default/quantum/action_util.o
                0x080092a0                reset_oneshot_layer
 .text.clear_oneshot_layer_state
                0x080092b4       0x34 .build/obj_berdox_108whitebirds_default/quantum/action_util.o
                0x080092b4                clear_oneshot_layer_state
 .text.oneshot_set
                0x080092e8       0x2c .build/obj_berdox_108whitebirds_default/quantum/action_util.o
                0x080092e8                oneshot_set
 .text.oneshot_toggle
                0x08009314       0x18 .build/obj_berdox_108whitebirds_default/quantum/action_util.o
                0x08009314                oneshot_toggle
 .text.oneshot_enable
                0x0800932c        0x6 .build/obj_berdox_108whitebirds_default/quantum/action_util.o
                0x0800932c                oneshot_enable
 .text.oneshot_disable
                0x08009332        0x6 .build/obj_berdox_108whitebirds_default/quantum/action_util.o
                0x08009332                oneshot_disable
 .text.eeconfig_disable
                0x08009338       0x14 .build/obj_berdox_108whitebirds_default/quantum/eeconfig.o
                0x08009338                eeconfig_disable
 .text.eeconfig_is_enabled
                0x0800934c       0x14 .build/obj_berdox_108whitebirds_default/quantum/eeconfig.o
                0x0800934c                eeconfig_is_enabled
 .text.eeconfig_read_debug
                0x08009360        0x6 .build/obj_berdox_108whitebirds_default/quantum/eeconfig.o
                0x08009360                eeconfig_read_debug
 .text.eeconfig_read_default_layer
                0x08009366        0x6 .build/obj_berdox_108whitebirds_default/quantum/eeconfig.o
                0x08009366                eeconfig_read_default_layer
 .text.eeconfig_read_keymap
                0x0800936c        0x6 .build/obj_berdox_108whitebirds_default/quantum/eeconfig.o
                0x0800936c                eeconfig_read_keymap
 .text.eeconfig_update_keymap
                0x08009372        0x8 .build/obj_berdox_108whitebirds_default/quantum/eeconfig.o
                0x08009372                eeconfig_update_keymap
 .text.eeconfig_update_kb
                0x0800937a        0x8 .build/obj_berdox_108whitebirds_default/quantum/eeconfig.o
                0x0800937a                eeconfig_update_kb
 .text.eeconfig_update_user
                0x08009382        0x8 .build/obj_berdox_108whitebirds_default/quantum/eeconfig.o
                0x08009382                eeconfig_update_user
 .text.eeconfig_init_user
                0x0800938a        0x6 .build/obj_berdox_108whitebirds_default/quantum/eeconfig.o
                0x0800938a                eeconfig_init_user
 .text.eeconfig_init_kb
                0x08009390        0xe .build/obj_berdox_108whitebirds_default/quantum/eeconfig.o
                0x08009390                eeconfig_init_kb
 *fill*         0x0800939e        0x2 
 .text.eeconfig_init_quantum
                0x080093a0       0x90 .build/obj_berdox_108whitebirds_default/quantum/eeconfig.o
                0x080093a0                eeconfig_init_quantum
 .text.eeconfig_init
                0x08009430        0x4 .build/obj_berdox_108whitebirds_default/quantum/eeconfig.o
                0x08009430                eeconfig_init
 .text.eeconfig_update_handedness
                0x08009434        0x8 .build/obj_berdox_108whitebirds_default/quantum/eeconfig.o
                0x08009434                eeconfig_update_handedness
 .text.generate_tick_event
                0x0800943c       0x38 .build/obj_berdox_108whitebirds_default/quantum/keyboard.o
 .text.last_matrix_activity_trigger
                0x08009474       0x18 .build/obj_berdox_108whitebirds_default/quantum/keyboard.o
                0x08009474                last_matrix_activity_trigger
 .text.matrix_setup
                0x0800948c        0x2 .build/obj_berdox_108whitebirds_default/quantum/keyboard.o
                0x0800948c                matrix_setup
 .text.keyboard_pre_init_user
                0x0800948e        0x2 .build/obj_berdox_108whitebirds_default/quantum/keyboard.o
                0x0800948e                keyboard_pre_init_user
 .text.keyboard_pre_init_kb
                0x08009490        0x8 .build/obj_berdox_108whitebirds_default/quantum/keyboard.o
                0x08009490                keyboard_pre_init_kb
 .text.keyboard_post_init_user
                0x08009498        0x2 .build/obj_berdox_108whitebirds_default/quantum/keyboard.o
                0x08009498                keyboard_post_init_user
 .text.keyboard_post_init_kb
                0x0800949a        0x8 .build/obj_berdox_108whitebirds_default/quantum/keyboard.o
                0x0800949a                keyboard_post_init_kb
 .text.matrix_can_read
                0x080094a2        0x4 .build/obj_berdox_108whitebirds_default/quantum/keyboard.o
                0x080094a2                matrix_can_read
 *fill*         0x080094a6        0x2 
 .text.keyboard_setup
                0x080094a8       0x1c .build/obj_berdox_108whitebirds_default/quantum/keyboard.o
                0x080094a8                keyboard_setup
 .text.is_keyboard_master
                0x080094c4        0x4 .build/obj_berdox_108whitebirds_default/quantum/keyboard.o
                0x080094c4                is_keyboard_master
 .text.should_process_keypress
                0x080094c8        0x8 .build/obj_berdox_108whitebirds_default/quantum/keyboard.o
                0x080094c8                should_process_keypress
 .text.housekeeping_task_kb
                0x080094d0        0x2 .build/obj_berdox_108whitebirds_default/quantum/keyboard.o
                0x080094d0                housekeeping_task_kb
 .text.housekeeping_task_user
                0x080094d2        0x2 .build/obj_berdox_108whitebirds_default/quantum/keyboard.o
                0x080094d2                housekeeping_task_user
 .text.housekeeping_task
                0x080094d4        0xc .build/obj_berdox_108whitebirds_default/quantum/keyboard.o
                0x080094d4                housekeeping_task
 .text.quantum_init
                0x080094e0        0xe .build/obj_berdox_108whitebirds_default/quantum/keyboard.o
                0x080094e0                quantum_init
 *fill*         0x080094ee        0x2 
 .text.keyboard_init
                0x080094f0       0x28 .build/obj_berdox_108whitebirds_default/quantum/keyboard.o
                0x080094f0                keyboard_init
 .text.keyboard_task
                0x08009518       0xd8 .build/obj_berdox_108whitebirds_default/quantum/keyboard.o
                0x08009518                keyboard_task
 .text.action_for_keycode
                0x080095f0      0x1b4 .build/obj_berdox_108whitebirds_default/quantum/keymap_common.o
                0x080095f0                action_for_keycode
 .text.keymap_key_to_keycode
                0x080097a4       0x22 .build/obj_berdox_108whitebirds_default/quantum/keymap_common.o
                0x080097a4                keymap_key_to_keycode
 .text.action_for_key
                0x080097c6       0x16 .build/obj_berdox_108whitebirds_default/quantum/keymap_common.o
                0x080097c6                action_for_key
 .text.keycode_config
                0x080097dc      0x108 .build/obj_berdox_108whitebirds_default/quantum/keycode_config.o
                0x080097dc                keycode_config
 .text.mod_config
                0x080098e4       0xc4 .build/obj_berdox_108whitebirds_default/quantum/keycode_config.o
                0x080098e4                mod_config
 .text.sendchar
                0x080099a8        0x4 .build/obj_berdox_108whitebirds_default/quantum/logging/sendchar.o
                0x080099a8                sendchar
 .text.null_sendchar_func
                0x080099ac        0x4 .build/obj_berdox_108whitebirds_default/quantum/logging/print.o
 .text.print_set_sendchar
                0x080099b0        0xc .build/obj_berdox_108whitebirds_default/quantum/logging/print.o
                0x080099b0                print_set_sendchar
 .text.bootmagic_lite_reset_eeprom
                0x080099bc        0x4 .build/obj_berdox_108whitebirds_default/quantum/bootmagic/bootmagic_lite.o
                0x080099bc                bootmagic_lite_reset_eeprom
 .text.bootmagic_lite
                0x080099c0       0x2a .build/obj_berdox_108whitebirds_default/quantum/bootmagic/bootmagic_lite.o
                0x080099c0                bootmagic_lite
 .text.bootmagic
                0x080099ea        0x8 .build/obj_berdox_108whitebirds_default/quantum/bootmagic/bootmagic_lite.o
                0x080099ea                bootmagic
 *fill*         0x080099f2        0x2 
 .text.magic    0x080099f4       0x40 .build/obj_berdox_108whitebirds_default/quantum/bootmagic/magic.o
                0x080099f4                magic
 .text.matrix_init_user
                0x08009a34        0x2 .build/obj_berdox_108whitebirds_default/quantum/matrix_common.o
                0x08009a34                matrix_init_user
 .text.matrix_init_kb
                0x08009a36        0x8 .build/obj_berdox_108whitebirds_default/quantum/matrix_common.o
                0x08009a36                matrix_init_kb
 .text.matrix_scan_user
                0x08009a3e        0x2 .build/obj_berdox_108whitebirds_default/quantum/matrix_common.o
                0x08009a3e                matrix_scan_user
 .text.matrix_scan_kb
                0x08009a40        0x8 .build/obj_berdox_108whitebirds_default/quantum/matrix_common.o
                0x08009a40                matrix_scan_kb
 .text.matrix_get_row
                0x08009a48        0xc .build/obj_berdox_108whitebirds_default/quantum/matrix_common.o
                0x08009a48                matrix_get_row
 .text.matrix_print
                0x08009a54        0x2 .build/obj_berdox_108whitebirds_default/quantum/matrix_common.o
                0x08009a54                matrix_print
 .text.matrix_io_delay
                0x08009a56        0x8 .build/obj_berdox_108whitebirds_default/quantum/matrix_common.o
                0x08009a56                matrix_io_delay
 .text.matrix_output_select_delay
                0x08009a5e       0x32 .build/obj_berdox_108whitebirds_default/quantum/matrix_common.o
                0x08009a5e                matrix_output_select_delay
 .text.matrix_output_unselect_delay
                0x08009a90        0x8 .build/obj_berdox_108whitebirds_default/quantum/matrix_common.o
                0x08009a90                matrix_output_unselect_delay
 .text.setPinInputHigh_atomic
                0x08009a98       0x22 .build/obj_berdox_108whitebirds_default/quantum/matrix.o
 *fill*         0x08009aba        0x2 
 .text.matrix_init_pins
                0x08009abc       0x3c .build/obj_berdox_108whitebirds_default/quantum/matrix.o
                0x08009abc                matrix_init_pins
 .text.matrix_read_cols_on_row
                0x08009af8       0xa4 .build/obj_berdox_108whitebirds_default/quantum/matrix.o
                0x08009af8                matrix_read_cols_on_row
 .text.matrix_init
                0x08009b9c       0x34 .build/obj_berdox_108whitebirds_default/quantum/matrix.o
                0x08009b9c                matrix_init
 .text.matrix_scan
                0x08009bd0       0x64 .build/obj_berdox_108whitebirds_default/quantum/matrix.o
                0x08009bd0                matrix_scan
 .text.debounce_init
                0x08009c34        0x2 .build/obj_berdox_108whitebirds_default/quantum/debounce/sym_defer_g.o
                0x08009c34                debounce_init
 *fill*         0x08009c36        0x2 
 .text.debounce
                0x08009c38       0x64 .build/obj_berdox_108whitebirds_default/quantum/debounce/sym_defer_g.o
                0x08009c38                debounce
 .text.protocol_init
                0x08009c9c       0x12 .build/obj_berdox_108whitebirds_default/quantum/main.o
                0x08009c9c                protocol_init
 .text.protocol_task
                0x08009cae       0x12 .build/obj_berdox_108whitebirds_default/quantum/main.o
                0x08009cae                protocol_task
 .text.startup.main
                0x08009cc0       0x1c .build/obj_berdox_108whitebirds_default/quantum/main.o
                0x08009cc0                main
 .text.times_inv_sqrt2
                0x08009cdc       0x2a .build/obj_berdox_108whitebirds_default/quantum/mousekey.o
 *fill*         0x08009d06        0x2 
 .text.move_unit
                0x08009d08       0x6c .build/obj_berdox_108whitebirds_default/quantum/mousekey.o
 .text.wheel_unit
                0x08009d74       0x64 .build/obj_berdox_108whitebirds_default/quantum/mousekey.o
 .text.mousekey_on
                0x08009dd8       0xa4 .build/obj_berdox_108whitebirds_default/quantum/mousekey.o
                0x08009dd8                mousekey_on
 .text.mousekey_off
                0x08009e7c      0x118 .build/obj_berdox_108whitebirds_default/quantum/mousekey.o
                0x08009e7c                mousekey_off
 .text.mousekey_send
                0x08009f94       0x38 .build/obj_berdox_108whitebirds_default/quantum/mousekey.o
                0x08009f94                mousekey_send
 .text.mousekey_clear
                0x08009fcc       0x2c .build/obj_berdox_108whitebirds_default/quantum/mousekey.o
                0x08009fcc                mousekey_clear
 .text.should_mousekey_report_send
                0x08009ff8       0x22 .build/obj_berdox_108whitebirds_default/quantum/mousekey.o
                0x08009ff8                should_mousekey_report_send
 *fill*         0x0800a01a        0x2 
 .text.mousekey_task
                0x0800a01c      0x18c .build/obj_berdox_108whitebirds_default/quantum/mousekey.o
                0x0800a01c                mousekey_task
 .text.eeprom_read_byte
                0x0800a1a8       0x1e .build/obj_berdox_108whitebirds_default/eeprom_driver.o
                0x0800a1a8                eeprom_read_byte
 .text.eeprom_read_word
                0x0800a1c6       0x1e .build/obj_berdox_108whitebirds_default/eeprom_driver.o
                0x0800a1c6                eeprom_read_word
 .text.eeprom_read_dword
                0x0800a1e4       0x1a .build/obj_berdox_108whitebirds_default/eeprom_driver.o
                0x0800a1e4                eeprom_read_dword
 .text.eeprom_write_byte
                0x0800a1fe       0x18 .build/obj_berdox_108whitebirds_default/eeprom_driver.o
                0x0800a1fe                eeprom_write_byte
 .text.eeprom_write_word
                0x0800a216       0x18 .build/obj_berdox_108whitebirds_default/eeprom_driver.o
                0x0800a216                eeprom_write_word
 .text.eeprom_write_dword
                0x0800a22e       0x16 .build/obj_berdox_108whitebirds_default/eeprom_driver.o
                0x0800a22e                eeprom_write_dword
 .text.eeprom_update_block
                0x0800a244       0x34 .build/obj_berdox_108whitebirds_default/eeprom_driver.o
                0x0800a244                eeprom_update_block
 .text.eeprom_update_byte
                0x0800a278       0x1c .build/obj_berdox_108whitebirds_default/eeprom_driver.o
                0x0800a278                eeprom_update_byte
 .text.eeprom_update_word
                0x0800a294       0x1c .build/obj_berdox_108whitebirds_default/eeprom_driver.o
                0x0800a294                eeprom_update_word
 .text.eeprom_update_dword
                0x0800a2b0       0x1c .build/obj_berdox_108whitebirds_default/eeprom_driver.o
                0x0800a2b0                eeprom_update_dword
 .text.eeprom_driver_init
                0x0800a2cc        0x4 .build/obj_berdox_108whitebirds_default/eeprom_wear_leveling.o
                0x0800a2cc                eeprom_driver_init
 .text.eeprom_driver_erase
                0x0800a2d0        0x4 .build/obj_berdox_108whitebirds_default/eeprom_wear_leveling.o
                0x0800a2d0                eeprom_driver_erase
 .text.eeprom_read_block
                0x0800a2d4        0xa .build/obj_berdox_108whitebirds_default/eeprom_wear_leveling.o
                0x0800a2d4                eeprom_read_block
 .text.eeprom_write_block
                0x0800a2de        0xa .build/obj_berdox_108whitebirds_default/eeprom_wear_leveling.o
                0x0800a2de                eeprom_write_block
 .text.wear_leveling_clear_cache
                0x0800a2e8       0x20 .build/obj_berdox_108whitebirds_default/wear_leveling.o
 .text.wear_leveling_unlock
                0x0800a308       0x20 .build/obj_berdox_108whitebirds_default/wear_leveling.o
 .text.wear_leveling_lock
                0x0800a328       0x24 .build/obj_berdox_108whitebirds_default/wear_leveling.o
 .text.wear_leveling_erase
                0x0800a34c       0x32 .build/obj_berdox_108whitebirds_default/wear_leveling.o
                0x0800a34c                wear_leveling_erase
 *fill*         0x0800a37e        0x2 
 .text.wear_leveling_read
                0x0800a380       0x24 .build/obj_berdox_108whitebirds_default/wear_leveling.o
                0x0800a380                wear_leveling_read
 .text.backing_store_read_bulk
                0x0800a3a4       0x26 .build/obj_berdox_108whitebirds_default/wear_leveling.o
                0x0800a3a4                backing_store_read_bulk
 .text.backing_store_write_bulk
                0x0800a3ca       0x26 .build/obj_berdox_108whitebirds_default/wear_leveling.o
                0x0800a3ca                backing_store_write_bulk
 .text.wear_leveling_consolidate_force
                0x0800a3f0       0x6c .build/obj_berdox_108whitebirds_default/wear_leveling.o
 .text.wear_leveling_consolidate_if_needed
                0x0800a45c       0x18 .build/obj_berdox_108whitebirds_default/wear_leveling.o
 .text.wear_leveling_append_raw
                0x0800a474       0x28 .build/obj_berdox_108whitebirds_default/wear_leveling.o
 .text.wear_leveling_write
                0x0800a49c       0xc8 .build/obj_berdox_108whitebirds_default/wear_leveling.o
                0x0800a49c                wear_leveling_write
 *fill*         0x0800a564        0x4 
 .text.wear_leveling_init
                0x0800a568       0xfc .build/obj_berdox_108whitebirds_default/wear_leveling.o
                0x0800a568                wear_leveling_init
 .text.backing_store_unlock
                0x0800a664       0x18 .build/obj_berdox_108whitebirds_default/wear_leveling_efl.o
                0x0800a664                backing_store_unlock
 .text.backing_store_erase
                0x0800a67c       0x40 .build/obj_berdox_108whitebirds_default/wear_leveling_efl.o
                0x0800a67c                backing_store_erase
 .text.backing_store_write
                0x0800a6bc       0x30 .build/obj_berdox_108whitebirds_default/wear_leveling_efl.o
                0x0800a6bc                backing_store_write
 .text.backing_store_lock
                0x0800a6ec       0x10 .build/obj_berdox_108whitebirds_default/wear_leveling_efl.o
                0x0800a6ec                backing_store_lock
 .text.backing_store_init
                0x0800a6fc       0x88 .build/obj_berdox_108whitebirds_default/wear_leveling_efl.o
                0x0800a6fc                backing_store_init
 .text.backing_store_read
                0x0800a784       0x24 .build/obj_berdox_108whitebirds_default/wear_leveling_efl.o
                0x0800a784                backing_store_read
 .text.fnv_64a_buf
                0x0800a7a8       0x70 .build/obj_berdox_108whitebirds_default/hash_64a.o
                0x0800a7a8                fnv_64a_buf
 .text.process_magic
                0x0800a818      0x1cc .build/obj_berdox_108whitebirds_default/quantum/process_keycode/process_magic.o
                0x0800a818                process_magic
 .text.process_grave_esc
                0x0800a9e4       0x4c .build/obj_berdox_108whitebirds_default/quantum/process_keycode/process_grave_esc.o
                0x0800a9e4                process_grave_esc
 .text.perform_space_cadet
                0x0800aa30       0xb8 .build/obj_berdox_108whitebirds_default/quantum/process_keycode/process_space_cadet.o
                0x0800aa30                perform_space_cadet
 .text.process_space_cadet
                0x0800aae8       0x9c .build/obj_berdox_108whitebirds_default/quantum/process_keycode/process_space_cadet.o
                0x0800aae8                process_space_cadet
 .text.host_set_driver
                0x0800ab84        0xc .build/obj_berdox_108whitebirds_default/protocol/host.o
                0x0800ab84                host_set_driver
 .text.host_keyboard_leds
                0x0800ab90       0x10 .build/obj_berdox_108whitebirds_default/protocol/host.o
                0x0800ab90                host_keyboard_leds
 .text.host_keyboard_send
                0x0800aba0       0x30 .build/obj_berdox_108whitebirds_default/protocol/host.o
                0x0800aba0                host_keyboard_send
 .text.host_mouse_send
                0x0800abd0       0x14 .build/obj_berdox_108whitebirds_default/protocol/host.o
                0x0800abd0                host_mouse_send
 .text.host_system_send
                0x0800abe4       0x38 .build/obj_berdox_108whitebirds_default/protocol/host.o
                0x0800abe4                host_system_send
 .text.host_consumer_send
                0x0800ac1c       0x38 .build/obj_berdox_108whitebirds_default/protocol/host.o
                0x0800ac1c                host_consumer_send
 .text.has_anykey
                0x0800ac54       0x3c .build/obj_berdox_108whitebirds_default/protocol/report.o
                0x0800ac54                has_anykey
 .text.is_key_pressed
                0x0800ac90       0x50 .build/obj_berdox_108whitebirds_default/protocol/report.o
                0x0800ac90                is_key_pressed
 .text.add_key_byte
                0x0800ace0       0x2c .build/obj_berdox_108whitebirds_default/protocol/report.o
                0x0800ace0                add_key_byte
 .text.del_key_byte
                0x0800ad0c       0x18 .build/obj_berdox_108whitebirds_default/protocol/report.o
                0x0800ad0c                del_key_byte
 .text.add_key_bit
                0x0800ad24       0x1a .build/obj_berdox_108whitebirds_default/protocol/report.o
                0x0800ad24                add_key_bit
 .text.del_key_bit
                0x0800ad3e       0x1c .build/obj_berdox_108whitebirds_default/protocol/report.o
                0x0800ad3e                del_key_bit
 *fill*         0x0800ad5a        0x2 
 .text.add_key_to_report
                0x0800ad5c       0x34 .build/obj_berdox_108whitebirds_default/protocol/report.o
                0x0800ad5c                add_key_to_report
 .text.del_key_from_report
                0x0800ad90       0x34 .build/obj_berdox_108whitebirds_default/protocol/report.o
                0x0800ad90                del_key_from_report
 .text.clear_keys_from_report
                0x0800adc4       0x28 .build/obj_berdox_108whitebirds_default/protocol/report.o
                0x0800adc4                clear_keys_from_report
 .text.has_mouse_report_changed
                0x0800adec       0x48 .build/obj_berdox_108whitebirds_default/protocol/report.o
                0x0800adec                has_mouse_report_changed
 .text.notify_usb_device_state_change_user
                0x0800ae34        0x2 .build/obj_berdox_108whitebirds_default/protocol/usb_device_state.o
                0x0800ae34                notify_usb_device_state_change_user
 .text.notify_usb_device_state_change_kb
                0x0800ae36        0x8 .build/obj_berdox_108whitebirds_default/protocol/usb_device_state.o
                0x0800ae36                notify_usb_device_state_change_kb
 *fill*         0x0800ae3e        0x2 
 .text.usb_device_state_set_configuration
                0x0800ae40       0x14 .build/obj_berdox_108whitebirds_default/protocol/usb_device_state.o
                0x0800ae40                usb_device_state_set_configuration
 .text.usb_device_state_set_suspend
                0x0800ae54       0x14 .build/obj_berdox_108whitebirds_default/protocol/usb_device_state.o
                0x0800ae54                usb_device_state_set_suspend
 .text.usb_device_state_set_resume
                0x0800ae68        0x4 .build/obj_berdox_108whitebirds_default/protocol/usb_device_state.o
                0x0800ae68                usb_device_state_set_resume
 .text.usb_device_state_set_reset
                0x0800ae6c       0x14 .build/obj_berdox_108whitebirds_default/protocol/usb_device_state.o
                0x0800ae6c                usb_device_state_set_reset
 .text.usb_device_state_init
                0x0800ae80        0x4 .build/obj_berdox_108whitebirds_default/protocol/usb_device_state.o
                0x0800ae80                usb_device_state_init
 .text.matrix_power_up
                0x0800ae84        0x2 .build/obj_berdox_108whitebirds_default/platforms/suspend.o
                0x0800ae84                matrix_power_up
 .text.matrix_power_down
                0x0800ae86        0x2 .build/obj_berdox_108whitebirds_default/platforms/suspend.o
                0x0800ae86                matrix_power_down
 .text.suspend_power_down_user
                0x0800ae88        0x2 .build/obj_berdox_108whitebirds_default/platforms/suspend.o
                0x0800ae88                suspend_power_down_user
 .text.suspend_power_down_kb
                0x0800ae8a        0x8 .build/obj_berdox_108whitebirds_default/platforms/suspend.o
                0x0800ae8a                suspend_power_down_kb
 .text.suspend_wakeup_init_user
                0x0800ae92        0x2 .build/obj_berdox_108whitebirds_default/platforms/suspend.o
                0x0800ae92                suspend_wakeup_init_user
 .text.suspend_wakeup_init_kb
                0x0800ae94        0x8 .build/obj_berdox_108whitebirds_default/platforms/suspend.o
                0x0800ae94                suspend_wakeup_init_kb
 .text.suspend_wakeup_condition
                0x0800ae9c       0x24 .build/obj_berdox_108whitebirds_default/platforms/suspend.o
                0x0800ae9c                suspend_wakeup_condition
 .text.platform_setup
                0x0800aec0        0xe .build/obj_berdox_108whitebirds_default/platforms/chibios/platform.o
                0x0800aec0                platform_setup
 .text.suspend_power_down
                0x0800aece       0x12 .build/obj_berdox_108whitebirds_default/platforms/chibios/suspend.o
                0x0800aece                suspend_power_down
 .text.suspend_wakeup_init
                0x0800aee0       0x26 .build/obj_berdox_108whitebirds_default/platforms/chibios/suspend.o
                0x0800aee0                suspend_wakeup_init
 *fill*         0x0800af06        0x2 
 .text.timer_clear
                0x0800af08       0x2c .build/obj_berdox_108whitebirds_default/platforms/chibios/timer.o
                0x0800af08                timer_clear
 .text.timer_init
                0x0800af34        0x4 .build/obj_berdox_108whitebirds_default/platforms/chibios/timer.o
                0x0800af34                timer_init
 .text.timer_read32
                0x0800af38       0x6c .build/obj_berdox_108whitebirds_default/platforms/chibios/timer.o
                0x0800af38                timer_read32
 .text.timer_read
                0x0800afa4        0xa .build/obj_berdox_108whitebirds_default/platforms/chibios/timer.o
                0x0800afa4                timer_read
 .text.timer_elapsed
                0x0800afae        0xe .build/obj_berdox_108whitebirds_default/platforms/chibios/timer.o
                0x0800afae                timer_elapsed
 .text.timer_elapsed32
                0x0800afbc        0xc .build/obj_berdox_108whitebirds_default/platforms/chibios/timer.o
                0x0800afbc                timer_elapsed32
 .text.__NVIC_SystemReset
                0x0800afc8       0x24 .build/obj_berdox_108whitebirds_default/platforms/chibios/bootloaders/stm32_dfu.o
 .text.bootloader_marker_enable
                0x0800afec       0x10 .build/obj_berdox_108whitebirds_default/platforms/chibios/bootloaders/stm32_dfu.o
                0x0800afec                bootloader_marker_enable
 .text.bootloader_marker_active
                0x0800affc       0x18 .build/obj_berdox_108whitebirds_default/platforms/chibios/bootloaders/stm32_dfu.o
                0x0800affc                bootloader_marker_active
 .text.bootloader_marker_disable
                0x0800b014        0xc .build/obj_berdox_108whitebirds_default/platforms/chibios/bootloaders/stm32_dfu.o
                0x0800b014                bootloader_marker_disable
 .text.bootloader_jump
                0x0800b020        0xa .build/obj_berdox_108whitebirds_default/platforms/chibios/bootloaders/stm32_dfu.o
                0x0800b020                bootloader_jump
 .text.mcu_reset
                0x0800b02a        0x6 .build/obj_berdox_108whitebirds_default/platforms/chibios/bootloaders/stm32_dfu.o
                0x0800b02a                mcu_reset
 .text.enter_bootloader_mode_if_requested
                0x0800b030       0x74 .build/obj_berdox_108whitebirds_default/platforms/chibios/bootloaders/stm32_dfu.o
                0x0800b030                enter_bootloader_mode_if_requested
 .text.dummy_usb_cb
                0x0800b0a4        0x2 .build/obj_berdox_108whitebirds_default/protocol/chibios/usb_main.o
 .text.usb_sof_cb
                0x0800b0a6        0xe .build/obj_berdox_108whitebirds_default/protocol/chibios/usb_main.o
 .text.usb_get_descriptor_cb
                0x0800b0b4       0x30 .build/obj_berdox_108whitebirds_default/protocol/chibios/usb_main.o
 .text.set_led_transfer_cb
                0x0800b0e4       0x2c .build/obj_berdox_108whitebirds_default/protocol/chibios/usb_main.o
 .text.chVTSetI.constprop.0
                0x0800b110       0x28 .build/obj_berdox_108whitebirds_default/protocol/chibios/usb_main.o
 .text.keyboard_idle_timer_cb
                0x0800b138       0x78 .build/obj_berdox_108whitebirds_default/protocol/chibios/usb_main.o
 .text.usb_request_hook_cb
                0x0800b1b0      0x154 .build/obj_berdox_108whitebirds_default/protocol/chibios/usb_main.o
 .text.usb_event_queue_enqueue.isra.0
                0x0800b304       0x28 .build/obj_berdox_108whitebirds_default/protocol/chibios/usb_main.o
 .text.usb_event_cb
                0x0800b32c       0x5c .build/obj_berdox_108whitebirds_default/protocol/chibios/usb_main.o
 .text.usb_event_queue_init
                0x0800b388       0x24 .build/obj_berdox_108whitebirds_default/protocol/chibios/usb_main.o
                0x0800b388                usb_event_queue_init
 .text.usb_event_queue_task
                0x0800b3ac       0xb8 .build/obj_berdox_108whitebirds_default/protocol/chibios/usb_main.o
                0x0800b3ac                usb_event_queue_task
 .text.init_usb_driver
                0x0800b464       0x3c .build/obj_berdox_108whitebirds_default/protocol/chibios/usb_main.o
                0x0800b464                init_usb_driver
 .text.restart_usb_driver
                0x0800b4a0       0x2c .build/obj_berdox_108whitebirds_default/protocol/chibios/usb_main.o
                0x0800b4a0                restart_usb_driver
 .text.keyboard_leds
                0x0800b4cc        0xc .build/obj_berdox_108whitebirds_default/protocol/chibios/usb_main.o
                0x0800b4cc                keyboard_leds
 .text.send_report
                0x0800b4d8       0x50 .build/obj_berdox_108whitebirds_default/protocol/chibios/usb_main.o
                0x0800b4d8                send_report
 .text.send_keyboard
                0x0800b528       0x44 .build/obj_berdox_108whitebirds_default/protocol/chibios/usb_main.o
                0x0800b528                send_keyboard
 .text.send_mouse
                0x0800b56c       0x20 .build/obj_berdox_108whitebirds_default/protocol/chibios/usb_main.o
                0x0800b56c                send_mouse
 .text.send_extra
                0x0800b58c        0xa .build/obj_berdox_108whitebirds_default/protocol/chibios/usb_main.o
                0x0800b58c                send_extra
 .text.early_hardware_init_pre
                0x0800b596        0x4 .build/obj_berdox_108whitebirds_default/protocol/chibios/chibios.o
                0x0800b596                early_hardware_init_pre
 .text.early_hardware_init_post
                0x0800b59a        0x2 .build/obj_berdox_108whitebirds_default/protocol/chibios/chibios.o
                0x0800b59a                early_hardware_init_post
 .text.board_init
                0x0800b59c        0x2 .build/obj_berdox_108whitebirds_default/protocol/chibios/chibios.o
                0x0800b59c                board_init
 .text.__early_init
                0x0800b59e       0x10 .build/obj_berdox_108whitebirds_default/protocol/chibios/chibios.o
                0x0800b59e                __early_init
 .text.boardInit
                0x0800b5ae        0xc .build/obj_berdox_108whitebirds_default/protocol/chibios/chibios.o
                0x0800b5ae                boardInit
 .text.protocol_setup
                0x0800b5ba        0x4 .build/obj_berdox_108whitebirds_default/protocol/chibios/chibios.o
                0x0800b5ba                protocol_setup
 *fill*         0x0800b5be        0x2 
 .text.protocol_pre_init
                0x0800b5c0       0x2c .build/obj_berdox_108whitebirds_default/protocol/chibios/chibios.o
                0x0800b5c0                protocol_pre_init
 .text.protocol_post_init
                0x0800b5ec        0xc .build/obj_berdox_108whitebirds_default/protocol/chibios/chibios.o
                0x0800b5ec                protocol_post_init
 .text.protocol_pre_task
                0x0800b5f8       0x48 .build/obj_berdox_108whitebirds_default/protocol/chibios/chibios.o
                0x0800b5f8                protocol_pre_task
 .text.protocol_post_task
                0x0800b640        0x2 .build/obj_berdox_108whitebirds_default/protocol/chibios/chibios.o
                0x0800b640                protocol_post_task
 *fill*         0x0800b642        0x2 
 .text.get_usb_descriptor
                0x0800b644       0x84 .build/obj_berdox_108whitebirds_default/usb_descriptor.o
                0x0800b644                get_usb_descriptor
 .text.__core_init
                0x0800b6c8       0x18 .build/obj_berdox_108whitebirds_default/./lib/chibios/os/oslib/src/chmemcore.o
                0x0800b6c8                __core_init
 .text.__cpu_init
                0x0800b6e0        0x2 .build/obj_berdox_108whitebirds_default/lib/chibios/os/common/startup/ARMCMx/compilers/GCC/crt1.o
                0x0800b6e0                __cpu_init
 .text.__late_init
                0x0800b6e2        0x2 .build/obj_berdox_108whitebirds_default/lib/chibios/os/common/startup/ARMCMx/compilers/GCC/crt1.o
                0x0800b6e2                __late_init
 .text.__default_exit
                0x0800b6e4        0x2 .build/obj_berdox_108whitebirds_default/lib/chibios/os/common/startup/ARMCMx/compilers/GCC/crt1.o
                0x0800b6e4                __default_exit
 *fill*         0x0800b6e6        0x2 
 .text.__init_ram_areas
                0x0800b6e8       0x58 .build/obj_berdox_108whitebirds_default/lib/chibios/os/common/startup/ARMCMx/compilers/GCC/crt1.o
                0x0800b6e8                __init_ram_areas
 .text.chSysInit
                0x0800b740       0x30 .build/obj_berdox_108whitebirds_default/lib/chibios/os/rt/src/chsys.o
                0x0800b740                chSysInit
 .text.chSysHalt
                0x0800b770       0x18 .build/obj_berdox_108whitebirds_default/lib/chibios/os/rt/src/chsys.o
                0x0800b770                chSysHalt
 .text.chSysTimerHandlerI
                0x0800b788        0x4 .build/obj_berdox_108whitebirds_default/lib/chibios/os/rt/src/chsys.o
                0x0800b788                chSysTimerHandlerI
 .text.chSysPolledDelayX
                0x0800b78c       0x14 .build/obj_berdox_108whitebirds_default/lib/chibios/os/rt/src/chsys.o
                0x0800b78c                chSysPolledDelayX
 .text.chRFCUCollectFaultsI
                0x0800b7a0       0x10 .build/obj_berdox_108whitebirds_default/lib/chibios/os/rt/src/chrfcu.o
                0x0800b7a0                chRFCUCollectFaultsI
 .text.ch_dlist_insert
                0x0800b7b0       0x2a .build/obj_berdox_108whitebirds_default/lib/chibios/os/rt/src/chvt.o
 .text.vt_set_alarm
                0x0800b7da       0x36 .build/obj_berdox_108whitebirds_default/lib/chibios/os/rt/src/chvt.o
 .text.vt_insert_first.constprop.0
                0x0800b810       0x58 .build/obj_berdox_108whitebirds_default/lib/chibios/os/rt/src/chvt.o
 .text.vt_enqueue.constprop.0
                0x0800b868       0x50 .build/obj_berdox_108whitebirds_default/lib/chibios/os/rt/src/chvt.o
 .text.chVTDoSetI
                0x0800b8b8       0x12 .build/obj_berdox_108whitebirds_default/lib/chibios/os/rt/src/chvt.o
                0x0800b8b8                chVTDoSetI
 *fill*         0x0800b8ca        0x2 
 .text.chVTDoResetI
                0x0800b8cc       0x6c .build/obj_berdox_108whitebirds_default/lib/chibios/os/rt/src/chvt.o
                0x0800b8cc                chVTDoResetI
 .text.chVTDoTickI
                0x0800b938       0xc4 .build/obj_berdox_108whitebirds_default/lib/chibios/os/rt/src/chvt.o
                0x0800b938                chVTDoTickI
 .text.__sch_ready_behind
                0x0800b9fc       0x1c .build/obj_berdox_108whitebirds_default/lib/chibios/os/rt/src/chschd.o
 .text.__sch_ready_ahead
                0x0800ba18       0x1c .build/obj_berdox_108whitebirds_default/lib/chibios/os/rt/src/chschd.o
 .text.__sch_wakeup
                0x0800ba34       0x44 .build/obj_berdox_108whitebirds_default/lib/chibios/os/rt/src/chschd.o
 .text.chSchReadyI
                0x0800ba78        0x4 .build/obj_berdox_108whitebirds_default/lib/chibios/os/rt/src/chschd.o
                0x0800ba78                chSchReadyI
 .text.chSchGoSleepS
                0x0800ba7c       0x1c .build/obj_berdox_108whitebirds_default/lib/chibios/os/rt/src/chschd.o
                0x0800ba7c                chSchGoSleepS
 .text.chSchGoSleepTimeoutS
                0x0800ba98       0x3c .build/obj_berdox_108whitebirds_default/lib/chibios/os/rt/src/chschd.o
                0x0800ba98                chSchGoSleepTimeoutS
 .text.chSchIsPreemptionRequired
                0x0800bad4       0x18 .build/obj_berdox_108whitebirds_default/lib/chibios/os/rt/src/chschd.o
                0x0800bad4                chSchIsPreemptionRequired
 .text.chSchDoPreemption
                0x0800baec       0x28 .build/obj_berdox_108whitebirds_default/lib/chibios/os/rt/src/chschd.o
                0x0800baec                chSchDoPreemption
 .text.chSchRescheduleS
                0x0800bb14       0x18 .build/obj_berdox_108whitebirds_default/lib/chibios/os/rt/src/chschd.o
                0x0800bb14                chSchRescheduleS
 .text.__idle_thread
                0x0800bb2c        0x4 .build/obj_berdox_108whitebirds_default/lib/chibios/os/rt/src/chinstances.o
 .text.chInstanceObjectInit
                0x0800bb30       0x80 .build/obj_berdox_108whitebirds_default/lib/chibios/os/rt/src/chinstances.o
                0x0800bb30                chInstanceObjectInit
 .text.__thd_object_init
                0x0800bbb0       0x14 .build/obj_berdox_108whitebirds_default/lib/chibios/os/rt/src/chthreads.o
                0x0800bbb0                __thd_object_init
 .text.chThdCreateSuspendedI
                0x0800bbc4       0x50 .build/obj_berdox_108whitebirds_default/lib/chibios/os/rt/src/chthreads.o
                0x0800bbc4                chThdCreateSuspendedI
 .text.chThdCreateI
                0x0800bc14        0xe .build/obj_berdox_108whitebirds_default/lib/chibios/os/rt/src/chthreads.o
                0x0800bc14                chThdCreateI
 *fill*         0x0800bc22        0x2 
 .text.chThdExitS
                0x0800bc24       0x10 .build/obj_berdox_108whitebirds_default/lib/chibios/os/rt/src/chthreads.o
                0x0800bc24                chThdExitS
 .text.chThdExit
                0x0800bc34        0xa .build/obj_berdox_108whitebirds_default/lib/chibios/os/rt/src/chthreads.o
                0x0800bc34                chThdExit
 .text.chThdSleep
                0x0800bc3e       0x18 .build/obj_berdox_108whitebirds_default/lib/chibios/os/rt/src/chthreads.o
                0x0800bc3e                chThdSleep
 *fill*         0x0800bc56        0x2 
 .text.chThdSuspendTimeoutS
                0x0800bc58       0x1c .build/obj_berdox_108whitebirds_default/lib/chibios/os/rt/src/chthreads.o
                0x0800bc58                chThdSuspendTimeoutS
 .text.chThdResumeI
                0x0800bc74       0x12 .build/obj_berdox_108whitebirds_default/lib/chibios/os/rt/src/chthreads.o
                0x0800bc74                chThdResumeI
 .text.ch_sch_prio_insert
                0x0800bc86       0x1e .build/obj_berdox_108whitebirds_default/lib/chibios/os/rt/src/chmtx.o
 .text.chMtxObjectInit
                0x0800bca4        0xa .build/obj_berdox_108whitebirds_default/lib/chibios/os/rt/src/chmtx.o
                0x0800bca4                chMtxObjectInit
 *fill*         0x0800bcae        0x2 
 .text.chMtxLockS
                0x0800bcb0       0x64 .build/obj_berdox_108whitebirds_default/lib/chibios/os/rt/src/chmtx.o
                0x0800bcb0                chMtxLockS
 .text.chMtxLock
                0x0800bd14       0x14 .build/obj_berdox_108whitebirds_default/lib/chibios/os/rt/src/chmtx.o
                0x0800bd14                chMtxLock
 .text.chMtxUnlock
                0x0800bd28       0x5c .build/obj_berdox_108whitebirds_default/lib/chibios/os/rt/src/chmtx.o
                0x0800bd28                chMtxUnlock
 .text.SVC_Handler
                0x0800bd84       0x20 .build/obj_berdox_108whitebirds_default/lib/chibios/os/common/ports/ARMv7-M/chcore.o
                0x0800bd84                SVC_Handler
 .text.port_init
                0x0800bda4       0x48 .build/obj_berdox_108whitebirds_default/lib/chibios/os/common/ports/ARMv7-M/chcore.o
                0x0800bda4                port_init
 .text.__port_irq_epilogue
                0x0800bdec       0x54 .build/obj_berdox_108whitebirds_default/lib/chibios/os/common/ports/ARMv7-M/chcore.o
                0x0800bdec                __port_irq_epilogue
 .text.halInit  0x0800be40       0x1e .build/obj_berdox_108whitebirds_default/lib/chibios/os/hal/src/hal.o
                0x0800be40                halInit
 .text.stInit   0x0800be5e        0x4 .build/obj_berdox_108whitebirds_default/lib/chibios/os/hal/src/hal_st.o
                0x0800be5e                stInit
 .text.stGetCounter
                0x0800be62        0x8 .build/obj_berdox_108whitebirds_default/lib/chibios/os/hal/src/hal_st.o
                0x0800be62                stGetCounter
 .text.stStartAlarm
                0x0800be6a       0x10 .build/obj_berdox_108whitebirds_default/lib/chibios/os/hal/src/hal_st.o
                0x0800be6a                stStartAlarm
 .text.stStopAlarm
                0x0800be7a        0xa .build/obj_berdox_108whitebirds_default/lib/chibios/os/hal/src/hal_st.o
                0x0800be7a                stStopAlarm
 .text.stSetAlarm
                0x0800be84        0x8 .build/obj_berdox_108whitebirds_default/lib/chibios/os/hal/src/hal_st.o
                0x0800be84                stSetAlarm
 .text.flashWaitErase
                0x0800be8c       0x3c .build/obj_berdox_108whitebirds_default/lib/chibios/os/hal/src/hal_flash.o
                0x0800be8c                flashWaitErase
 .text.flashGetSectorOffset
                0x0800bec8       0x1a .build/obj_berdox_108whitebirds_default/lib/chibios/os/hal/src/hal_flash.o
                0x0800bec8                flashGetSectorOffset
 .text.flashGetSectorSize
                0x0800bee2       0x1a .build/obj_berdox_108whitebirds_default/lib/chibios/os/hal/src/hal_flash.o
                0x0800bee2                flashGetSectorSize
 .text.flashGetOffsetAddress
                0x0800befc       0x10 .build/obj_berdox_108whitebirds_default/lib/chibios/os/hal/src/hal_flash.o
                0x0800befc                flashGetOffsetAddress
 .text.efl_release_exclusive
                0x0800bf0c        0xc .build/obj_berdox_108whitebirds_default/lib/chibios/os/hal/src/hal_efl.o
 .text.efl_acquire_exclusive
                0x0800bf18        0xc .build/obj_berdox_108whitebirds_default/lib/chibios/os/hal/src/hal_efl.o
 .text.eflInit  0x0800bf24        0x4 .build/obj_berdox_108whitebirds_default/lib/chibios/os/hal/src/hal_efl.o
                0x0800bf24                eflInit
 .text.eflObjectInit
                0x0800bf28       0x14 .build/obj_berdox_108whitebirds_default/lib/chibios/os/hal/src/hal_efl.o
                0x0800bf28                eflObjectInit
 .text.eflStart
                0x0800bf3c       0x1c .build/obj_berdox_108whitebirds_default/lib/chibios/os/hal/src/hal_efl.o
                0x0800bf3c                eflStart
 .text.eflStop  0x0800bf58       0x1a .build/obj_berdox_108whitebirds_default/lib/chibios/os/hal/src/hal_efl.o
                0x0800bf58                eflStop
 .text.usbInit  0x0800bf72        0x4 .build/obj_berdox_108whitebirds_default/lib/chibios/os/hal/src/hal_usb.o
                0x0800bf72                usbInit
 .text.usbObjectInit
                0x0800bf76       0x18 .build/obj_berdox_108whitebirds_default/lib/chibios/os/hal/src/hal_usb.o
                0x0800bf76                usbObjectInit
 .text.usbStart
                0x0800bf8e       0x26 .build/obj_berdox_108whitebirds_default/lib/chibios/os/hal/src/hal_usb.o
                0x0800bf8e                usbStart
 .text.usbStop  0x0800bfb4       0x52 .build/obj_berdox_108whitebirds_default/lib/chibios/os/hal/src/hal_usb.o
                0x0800bfb4                usbStop
 .text.usbInitEndpointI
                0x0800c006       0x32 .build/obj_berdox_108whitebirds_default/lib/chibios/os/hal/src/hal_usb.o
                0x0800c006                usbInitEndpointI
 .text.usbDisableEndpointsI
                0x0800c038       0x4a .build/obj_berdox_108whitebirds_default/lib/chibios/os/hal/src/hal_usb.o
                0x0800c038                usbDisableEndpointsI
 .text.usbStartReceiveI
                0x0800c082       0x24 .build/obj_berdox_108whitebirds_default/lib/chibios/os/hal/src/hal_usb.o
                0x0800c082                usbStartReceiveI
 .text.usbStartTransmitI
                0x0800c0a6       0x24 .build/obj_berdox_108whitebirds_default/lib/chibios/os/hal/src/hal_usb.o
                0x0800c0a6                usbStartTransmitI
 .text.usbWakeupHost
                0x0800c0ca       0x3e .build/obj_berdox_108whitebirds_default/lib/chibios/os/hal/src/hal_usb.o
                0x0800c0ca                usbWakeupHost
 .text._usb_reset
                0x0800c108       0x70 .build/obj_berdox_108whitebirds_default/lib/chibios/os/hal/src/hal_usb.o
                0x0800c108                _usb_reset
 .text._usb_suspend
                0x0800c178       0x5c .build/obj_berdox_108whitebirds_default/lib/chibios/os/hal/src/hal_usb.o
                0x0800c178                _usb_suspend
 .text._usb_wakeup
                0x0800c1d4       0x16 .build/obj_berdox_108whitebirds_default/lib/chibios/os/hal/src/hal_usb.o
                0x0800c1d4                _usb_wakeup
 *fill*         0x0800c1ea        0x2 
 .text._usb_ep0setup
                0x0800c1ec      0x2c8 .build/obj_berdox_108whitebirds_default/lib/chibios/os/hal/src/hal_usb.o
                0x0800c1ec                _usb_ep0setup
 .text._usb_ep0in
                0x0800c4b4       0xb2 .build/obj_berdox_108whitebirds_default/lib/chibios/os/hal/src/hal_usb.o
                0x0800c4b4                _usb_ep0in
 .text._usb_ep0out
                0x0800c566       0x78 .build/obj_berdox_108whitebirds_default/lib/chibios/os/hal/src/hal_usb.o
                0x0800c566                _usb_ep0out
 .text.nvicEnableVector
                0x0800c5de       0x2c .build/obj_berdox_108whitebirds_default/lib/chibios/os/hal/ports/common/ARMCMx/nvic.o
                0x0800c5de                nvicEnableVector
 .text.nvicDisableVector
                0x0800c60a       0x2c .build/obj_berdox_108whitebirds_default/lib/chibios/os/hal/ports/common/ARMCMx/nvic.o
                0x0800c60a                nvicDisableVector
 .text.VectorB0
                0x0800c636        0xe .build/obj_berdox_108whitebirds_default/lib/chibios/os/hal/ports/STM32/STM32F4xx/stm32_isr.o
                0x0800c636                VectorB0
 .text.irqInit  0x0800c644        0x8 .build/obj_berdox_108whitebirds_default/lib/chibios/os/hal/ports/STM32/STM32F4xx/stm32_isr.o
                0x0800c644                irqInit
 .text.hal_lld_init
                0x0800c64c       0x84 .build/obj_berdox_108whitebirds_default/lib/chibios/os/hal/ports/STM32/STM32F4xx/hal_lld.o
                0x0800c64c                hal_lld_init
 .text.stm32_clock_init
                0x0800c6d0       0xf8 .build/obj_berdox_108whitebirds_default/lib/chibios/os/hal/ports/STM32/STM32F4xx/hal_lld.o
                0x0800c6d0                stm32_clock_init
 .text.stm32_flash_check_errors
                0x0800c7c8       0x24 .build/obj_berdox_108whitebirds_default/lib/chibios/os/hal/ports/STM32/STM32F4xx/hal_efl_lld.o
 .text.efl_lld_init
                0x0800c7ec       0x5c .build/obj_berdox_108whitebirds_default/lib/chibios/os/hal/ports/STM32/STM32F4xx/hal_efl_lld.o
                0x0800c7ec                efl_lld_init
 .text.efl_lld_start
                0x0800c848       0x28 .build/obj_berdox_108whitebirds_default/lib/chibios/os/hal/ports/STM32/STM32F4xx/hal_efl_lld.o
                0x0800c848                efl_lld_start
 .text.efl_lld_stop
                0x0800c870        0xc .build/obj_berdox_108whitebirds_default/lib/chibios/os/hal/ports/STM32/STM32F4xx/hal_efl_lld.o
                0x0800c870                efl_lld_stop
 .text.efl_lld_get_descriptor
                0x0800c87c        0x4 .build/obj_berdox_108whitebirds_default/lib/chibios/os/hal/ports/STM32/STM32F4xx/hal_efl_lld.o
                0x0800c87c                efl_lld_get_descriptor
 .text.efl_lld_read
                0x0800c880       0x2e .build/obj_berdox_108whitebirds_default/lib/chibios/os/hal/ports/STM32/STM32F4xx/hal_efl_lld.o
                0x0800c880                efl_lld_read
 .text.efl_lld_program
                0x0800c8ae       0xb0 .build/obj_berdox_108whitebirds_default/lib/chibios/os/hal/ports/STM32/STM32F4xx/hal_efl_lld.o
                0x0800c8ae                efl_lld_program
 .text.efl_lld_start_erase_all
                0x0800c95e        0xc .build/obj_berdox_108whitebirds_default/lib/chibios/os/hal/ports/STM32/STM32F4xx/hal_efl_lld.o
                0x0800c95e                efl_lld_start_erase_all
 .text.efl_lld_start_erase_sector
                0x0800c96a       0x46 .build/obj_berdox_108whitebirds_default/lib/chibios/os/hal/ports/STM32/STM32F4xx/hal_efl_lld.o
                0x0800c96a                efl_lld_start_erase_sector
 .text.efl_lld_query_erase
                0x0800c9b0       0x32 .build/obj_berdox_108whitebirds_default/lib/chibios/os/hal/ports/STM32/STM32F4xx/hal_efl_lld.o
                0x0800c9b0                efl_lld_query_erase
 .text.efl_lld_verify_erase
                0x0800c9e2       0x46 .build/obj_berdox_108whitebirds_default/lib/chibios/os/hal/ports/STM32/STM32F4xx/hal_efl_lld.o
                0x0800c9e2                efl_lld_verify_erase
 .text._pal_lld_init
                0x0800ca28        0x2 .build/obj_berdox_108whitebirds_default/lib/chibios/os/hal/ports/STM32/LLD/GPIOv2/hal_pal_lld.o
                0x0800ca28                _pal_lld_init
 .text._pal_lld_setgroupmode
                0x0800ca2a       0xd6 .build/obj_berdox_108whitebirds_default/lib/chibios/os/hal/ports/STM32/LLD/GPIOv2/hal_pal_lld.o